Archive member included to satisfy reference by file (symbol)

./mbed/TARGET_LPC1768/TOOLCHAIN_GCC_ARM\libmbed.a(serial_api.o)
                              mbed/TARGET_LPC1768/TOOLCHAIN_GCC_ARM/retarget.o (serial_getc)
./mbed/TARGET_LPC1768/TOOLCHAIN_GCC_ARM\libmbed.a(FilePath.o)
                              mbed/TARGET_LPC1768/TOOLCHAIN_GCC_ARM/retarget.o (mbed::FilePath::FilePath(char const*))
./mbed/TARGET_LPC1768/TOOLCHAIN_GCC_ARM\libmbed.a(FileSystemLike.o)
                              mbed/TARGET_LPC1768/TOOLCHAIN_GCC_ARM/retarget.o (mbed::FileSystemLike::opendir())
./mbed/TARGET_LPC1768/TOOLCHAIN_GCC_ARM\libmbed.a(Serial.o)
                              main.o (mbed::Serial::Serial(PinName, PinName, char const*))
./mbed/TARGET_LPC1768/TOOLCHAIN_GCC_ARM\libmbed.a(SerialBase.o)
                              ./mbed/TARGET_LPC1768/TOOLCHAIN_GCC_ARM\libmbed.a(Serial.o) (mbed::SerialBase::SerialBase(PinName, PinName))
./mbed/TARGET_LPC1768/TOOLCHAIN_GCC_ARM\libmbed.a(Stream.o)
                              ./mbed/TARGET_LPC1768/TOOLCHAIN_GCC_ARM\libmbed.a(Serial.o) (mbed::Stream::close())
./mbed/TARGET_LPC1768/TOOLCHAIN_GCC_ARM\libmbed.a(assert.o)
                              mbed/TARGET_LPC1768/TOOLCHAIN_GCC_ARM/board.o (mbed_assert_internal)
./mbed/TARGET_LPC1768/TOOLCHAIN_GCC_ARM\libmbed.a(error.o)
                              mbed/TARGET_LPC1768/TOOLCHAIN_GCC_ARM/retarget.o (error)
./mbed/TARGET_LPC1768/TOOLCHAIN_GCC_ARM\libmbed.a(gpio.o)
                              ./mbed/TARGET_LPC1768/TOOLCHAIN_GCC_ARM\libmbed.a(serial_api.o) (gpio_init_in)
./mbed/TARGET_LPC1768/TOOLCHAIN_GCC_ARM\libmbed.a(mbed_interface.o)
                              mbed/TARGET_LPC1768/TOOLCHAIN_GCC_ARM/retarget.o (mbed_interface_connected)
./mbed/TARGET_LPC1768/TOOLCHAIN_GCC_ARM\libmbed.a(pinmap_common.o)
                              ./mbed/TARGET_LPC1768/TOOLCHAIN_GCC_ARM\libmbed.a(serial_api.o) (pinmap_pinout)
./mbed/TARGET_LPC1768/TOOLCHAIN_GCC_ARM\libmbed.a(semihost_api.o)
                              mbed/TARGET_LPC1768/TOOLCHAIN_GCC_ARM/retarget.o (semihost_exit)
./mbed/TARGET_LPC1768/TOOLCHAIN_GCC_ARM\libmbed.a(wait_api.o)
                              ./mbed/TARGET_LPC1768/TOOLCHAIN_GCC_ARM\libmbed.a(SerialBase.o) (wait_us)
./mbed/TARGET_LPC1768/TOOLCHAIN_GCC_ARM\libmbed.a(gpio_api.o)
                              ./mbed/TARGET_LPC1768/TOOLCHAIN_GCC_ARM\libmbed.a(gpio.o) (gpio_init)
./mbed/TARGET_LPC1768/TOOLCHAIN_GCC_ARM\libmbed.a(pinmap.o)
                              ./mbed/TARGET_LPC1768/TOOLCHAIN_GCC_ARM\libmbed.a(pinmap_common.o) (pin_function)
./mbed/TARGET_LPC1768/TOOLCHAIN_GCC_ARM\libmbed.a(us_ticker.o)
                              ./mbed/TARGET_LPC1768/TOOLCHAIN_GCC_ARM\libmbed.a(wait_api.o) (us_ticker_read)
./mbed/TARGET_LPC1768/TOOLCHAIN_GCC_ARM\libmbed.a(FileBase.o)
                              ./mbed/TARGET_LPC1768/TOOLCHAIN_GCC_ARM\libmbed.a(FileSystemLike.o) (mbed::FileBase::~FileBase())
./mbed/TARGET_LPC1768/TOOLCHAIN_GCC_ARM\libmbed.a(FileLike.o)
                              ./mbed/TARGET_LPC1768/TOOLCHAIN_GCC_ARM\libmbed.a(Stream.o) (mbed::FileLike::~FileLike())
./mbed/TARGET_LPC1768/TOOLCHAIN_GCC_ARM\libmbed.a(us_ticker_api.o)
                              ./mbed/TARGET_LPC1768/TOOLCHAIN_GCC_ARM\libmbed.a(us_ticker.o) (us_ticker_irq_handler)
./mbed/TARGET_LPC1768/TOOLCHAIN_GCC_ARM\libmbed.a(ticker_api.o)
                              ./mbed/TARGET_LPC1768/TOOLCHAIN_GCC_ARM\libmbed.a(us_ticker_api.o) (ticker_irq_handler)
c:/program files (x86)/gnu tools arm embedded/5.2 2015q4/bin/../lib/gcc/arm-none-eabi/5.2.1/../../../../arm-none-eabi/lib/armv7-m\libstdc++_nano.a(atexit_arm.o)
                              main.o (__aeabi_atexit)
c:/program files (x86)/gnu tools arm embedded/5.2 2015q4/bin/../lib/gcc/arm-none-eabi/5.2.1/../../../../arm-none-eabi/lib/armv7-m\libstdc++_nano.a(del_op.o)
                              main.o (operator delete(void*))
c:/program files (x86)/gnu tools arm embedded/5.2 2015q4/bin/../lib/gcc/arm-none-eabi/5.2.1/../../../../arm-none-eabi/lib/armv7-m\libstdc++_nano.a(new_op.o)
                              ./mbed/TARGET_LPC1768/TOOLCHAIN_GCC_ARM\libmbed.a(FileSystemLike.o) (operator new(unsigned int))
c:/program files (x86)/gnu tools arm embedded/5.2 2015q4/bin/../lib/gcc/arm-none-eabi/5.2.1/../../../../arm-none-eabi/lib/armv7-m\libstdc++_nano.a(new_handler.o)
                              c:/program files (x86)/gnu tools arm embedded/5.2 2015q4/bin/../lib/gcc/arm-none-eabi/5.2.1/../../../../arm-none-eabi/lib/armv7-m\libstdc++_nano.a(new_op.o) (std::get_new_handler())
c:/program files (x86)/gnu tools arm embedded/5.2 2015q4/bin/../lib/gcc/arm-none-eabi/5.2.1/../../../../arm-none-eabi/lib/armv7-m\libc_nano.a(lib_a-abort.o)
                              c:/program files (x86)/gnu tools arm embedded/5.2 2015q4/bin/../lib/gcc/arm-none-eabi/5.2.1/../../../../arm-none-eabi/lib/armv7-m\libstdc++_nano.a(new_op.o) (abort)
[...]
Memory Configuration

Name             Origin             Length             Attributes
FLASH            0x00000000         0x00080000         xr
RAM              0x100000c8         0x00007f38         xrw
USB_RAM          0x2007c000         0x00004000         xrw
ETH_RAM          0x20080000         0x00004000         xrw
*default*        0x00000000         0xffffffff

Linker script and memory map

LOAD c:/program files (x86)/gnu tools arm embedded/5.2 2015q4/bin/../lib/gcc/arm-none-eabi/5.2.1/armv7-m/crti.o
LOAD c:/program files (x86)/gnu tools arm embedded/5.2 2015q4/bin/../lib/gcc/arm-none-eabi/5.2.1/armv7-m/crtbegin.o
LOAD c:/program files (x86)/gnu tools arm embedded/5.2 2015q4/bin/../lib/gcc/arm-none-eabi/5.2.1/../../../../arm-none-eabi/lib/armv7-m/crt0.o
LOAD main.o
LOAD mbed/TARGET_LPC1768/TOOLCHAIN_GCC_ARM/board.o
LOAD mbed/TARGET_LPC1768/TOOLCHAIN_GCC_ARM/cmsis_nvic.o
LOAD mbed/TARGET_LPC1768/TOOLCHAIN_GCC_ARM/retarget.o
LOAD mbed/TARGET_LPC1768/TOOLCHAIN_GCC_ARM/startup_LPC17xx.o
LOAD mbed/TARGET_LPC1768/TOOLCHAIN_GCC_ARM/system_LPC17xx.o
LOAD ./mbed/TARGET_LPC1768/TOOLCHAIN_GCC_ARM\libmbed.a
LOAD c:/program files (x86)/gnu tools arm embedded/5.2 2015q4/bin/../lib/gcc/arm-none-eabi/5.2.1/../../../../arm-none-eabi/lib/armv7-m\libstdc++_nano.a
LOAD c:/program files (x86)/gnu tools arm embedded/5.2 2015q4/bin/../lib/gcc/arm-none-eabi/5.2.1/../../../../arm-none-eabi/lib/armv7-m\libsupc++_nano.a
LOAD c:/program files (x86)/gnu tools arm embedded/5.2 2015q4/bin/../lib/gcc/arm-none-eabi/5.2.1/../../../../arm-none-eabi/lib/armv7-m\libm.a
LOAD c:/program files (x86)/gnu tools arm embedded/5.2 2015q4/bin/../lib/gcc/arm-none-eabi/5.2.1/../../../../arm-none-eabi/lib/armv7-m\libc_nano.a
LOAD c:/program files (x86)/gnu tools arm embedded/5.2 2015q4/bin/../lib/gcc/arm-none-eabi/5.2.1/armv7-m\libgcc.a
LOAD c:/program files (x86)/gnu tools arm embedded/5.2 2015q4/bin/../lib/gcc/arm-none-eabi/5.2.1/../../../../arm-none-eabi/lib/armv7-m\libnosys.a
LOAD ./mbed/TARGET_LPC1768/TOOLCHAIN_GCC_ARM\libmbed.a
LOAD c:/program files (x86)/gnu tools arm embedded/5.2 2015q4/bin/../lib/gcc/arm-none-eabi/5.2.1/../../../../arm-none-eabi/lib/armv7-m\libstdc++_nano.a
LOAD c:/program files (x86)/gnu tools arm embedded/5.2 2015q4/bin/../lib/gcc/arm-none-eabi/5.2.1/../../../../arm-none-eabi/lib/armv7-m\libsupc++_nano.a
LOAD c:/program files (x86)/gnu tools arm embedded/5.2 2015q4/bin/../lib/gcc/arm-none-eabi/5.2.1/../../../../arm-none-eabi/lib/armv7-m\libm.a
LOAD c:/program files (x86)/gnu tools arm embedded/5.2 2015q4/bin/../lib/gcc/arm-none-eabi/5.2.1/../../../../arm-none-eabi/lib/armv7-m\libc_nano.a
LOAD c:/program files (x86)/gnu tools arm embedded/5.2 2015q4/bin/../lib/gcc/arm-none-eabi/5.2.1/armv7-m\libgcc.a
LOAD c:/program files (x86)/gnu tools arm embedded/5.2 2015q4/bin/../lib/gcc/arm-none-eabi/5.2.1/../../../../arm-none-eabi/lib/armv7-m\libnosys.a
START GROUP
LOAD c:/program files (x86)/gnu tools arm embedded/5.2 2015q4/bin/../lib/gcc/arm-none-eabi/5.2.1/armv7-m\libgcc.a
LOAD c:/program files (x86)/gnu tools arm embedded/5.2 2015q4/bin/../lib/gcc/arm-none-eabi/5.2.1/../../../../arm-none-eabi/lib/armv7-m\libc_nano.a
END GROUP
START GROUP
LOAD c:/program files (x86)/gnu tools arm embedded/5.2 2015q4/bin/../lib/gcc/arm-none-eabi/5.2.1/armv7-m\libgcc.a
LOAD c:/program files (x86)/gnu tools arm embedded/5.2 2015q4/bin/../lib/gcc/arm-none-eabi/5.2.1/../../../../arm-none-eabi/lib/armv7-m\libc_nano.a
END GROUP
LOAD c:/program files (x86)/gnu tools arm embedded/5.2 2015q4/bin/../lib/gcc/arm-none-eabi/5.2.1/armv7-m/crtend.o
LOAD c:/program files (x86)/gnu tools arm embedded/5.2 2015q4/bin/../lib/gcc/arm-none-eabi/5.2.1/armv7-m/crtn.o

.text           0x00000000     0x8154
 *(.isr_vector)
 .isr_vector    0x00000000       0xcc mbed/TARGET_LPC1768/TOOLCHAIN_GCC_ARM/startup_LPC17xx.o
                0x00000000                __isr_vector
 *(.text*)
 .text          0x000000cc       0xa4 c:/program files (x86)/gnu tools arm embedded/5.2 2015q4/bin/../lib/gcc/arm-none-eabi/5.2.1/armv7-m/crtbegin.o
 .text          0x00000170       0x74 c:/program files (x86)/gnu tools arm embedded/5.2 2015q4/bin/../lib/gcc/arm-none-eabi/5.2.1/../../../../arm-none-eabi/lib/armv7-m/crt0.o
                0x00000170                _start
                0x00000170                _mainCRTStartup
 .text._ZN4mbed10SerialBaseD2Ev
                0x000001e4        0x2 main.o
                0x000001e4                mbed::SerialBase::~SerialBase()
                0x000001e4                mbed::SerialBase::~SerialBase()
 *fill*         0x000001e6        0x2 
 .text._ZN4mbed6SerialD2Ev
                0x000001e8       0x30 main.o
                0x000001e8                mbed::Serial::~Serial()
                0x000001e8                mbed::Serial::~Serial()
                0x0000020c                non-virtual thunk to mbed::Serial::~Serial()
                0x00000212                non-virtual thunk to mbed::Serial::~Serial()
 .text._ZN4mbed10SerialBaseD0Ev
                0x00000218        0xc main.o
                0x00000218                mbed::SerialBase::~SerialBase()
 .text._Z4testN4mbed10DigitalOutE
                0x00000224       0x30 main.o
                0x00000224                test(mbed::DigitalOut)
 .text.startup.main
                0x00000254       0x4c main.o
                0x00000254                main
 .text._ZN4mbed6SerialD0Ev
                0x000002a0       0x1e main.o
                0x000002a0                mbed::Serial::~Serial()
                0x000002b2                non-virtual thunk to mbed::Serial::~Serial()
                0x000002b8                non-virtual thunk to mbed::Serial::~Serial()
 *fill*         0x000002be        0x2 
 .text.startup._GLOBAL__sub_I__Z4testN4mbed10DigitalOutE
                0x000002c0       0x6c main.o
 .text.mbed_die
                0x0000032c      0x10c mbed/TARGET_LPC1768/TOOLCHAIN_GCC_ARM/board.o
                0x0000032c                mbed_die
 .text.NVIC_SetVector
                0x00000438       0x3c mbed/TARGET_LPC1768/TOOLCHAIN_GCC_ARM/cmsis_nvic.o
                0x00000438                NVIC_SetVector
 .text._ZN4mbed10FileHandle4flenEv
                0x00000474       0x34 mbed/TARGET_LPC1768/TOOLCHAIN_GCC_ARM/retarget.o
                0x00000474                mbed::FileHandle::flen()
 .text._ZN4mbed10FileHandleD2Ev
                0x000004a8       0x2c mbed/TARGET_LPC1768/TOOLCHAIN_GCC_ARM/retarget.o
                0x000004a8                mbed::FileHandle::~FileHandle()
                0x000004a8                mbed::FileHandle::~FileHandle()
 .text._ZN4mbed10FileHandleD0Ev
                0x000004d4       0x34 mbed/TARGET_LPC1768/TOOLCHAIN_GCC_ARM/retarget.o
                0x000004d4                mbed::FileHandle::~FileHandle()
 .text._ZL11init_serialv.part.0
                0x00000508       0x18 mbed/TARGET_LPC1768/TOOLCHAIN_GCC_ARM/retarget.o
 .text._open    0x00000520       0xf8 mbed/TARGET_LPC1768/TOOLCHAIN_GCC_ARM/retarget.o
                0x00000520                _open
 .text._close   0x00000618       0x2c mbed/TARGET_LPC1768/TOOLCHAIN_GCC_ARM/retarget.o
                0x00000618                _close
 .text._write   0x00000644       0x50 mbed/TARGET_LPC1768/TOOLCHAIN_GCC_ARM/retarget.o
                0x00000644                _write
 .text._read    0x00000694       0x4c mbed/TARGET_LPC1768/TOOLCHAIN_GCC_ARM/retarget.o
                0x00000694                _read
 .text._isatty  0x000006e0       0x28 mbed/TARGET_LPC1768/TOOLCHAIN_GCC_ARM/retarget.o
                0x000006e0                _isatty
 .text._lseek   0x00000708       0x28 mbed/TARGET_LPC1768/TOOLCHAIN_GCC_ARM/retarget.o
                0x00000708                _lseek
 .text._fstat   0x00000730       0x20 mbed/TARGET_LPC1768/TOOLCHAIN_GCC_ARM/retarget.o
                0x00000730                _fstat
 .text.__cxa_pure_virtual
                0x00000750        0x8 mbed/TARGET_LPC1768/TOOLCHAIN_GCC_ARM/retarget.o
                0x00000750                __cxa_pure_virtual
 .text.mbed_main
                0x00000758        0x4 mbed/TARGET_LPC1768/TOOLCHAIN_GCC_ARM/retarget.o
                0x00000758                mbed_main
 .text.mbed_sdk_init
                0x0000075c        0x4 mbed/TARGET_LPC1768/TOOLCHAIN_GCC_ARM/retarget.o
                0x0000075c                mbed_sdk_init
 .text.__wrap_main
                0x00000760       0x14 mbed/TARGET_LPC1768/TOOLCHAIN_GCC_ARM/retarget.o
                0x00000760                __wrap_main
 .text._sbrk    0x00000774       0x28 mbed/TARGET_LPC1768/TOOLCHAIN_GCC_ARM/retarget.o
                0x00000774                _sbrk
 .text._exit    0x0000079c       0x30 mbed/TARGET_LPC1768/TOOLCHAIN_GCC_ARM/retarget.o
                0x0000079c                _exit
 .text._ZN4mbed26mbed_set_unbuffered_streamEP7__sFILE
                0x000007cc        0x8 mbed/TARGET_LPC1768/TOOLCHAIN_GCC_ARM/retarget.o
                0x000007cc                mbed::mbed_set_unbuffered_stream(__sFILE*)
 .text          0x000007d4       0x44 mbed/TARGET_LPC1768/TOOLCHAIN_GCC_ARM/startup_LPC17xx.o
                0x000007d4                Reset_Handler
                0x00000804                NMI_Handler
                0x00000806                HardFault_Handler
                0x00000808                MemManage_Handler
                0x0000080a                BusFault_Handler
                0x0000080c                UsageFault_Handler
                0x0000080e                SVC_Handler
                0x00000810                DebugMon_Handler
                0x00000812                PendSV_Handler
                0x00000814                SysTick_Handler
                0x00000816                EINT2_IRQHandler
                0x00000816                USBActivity_IRQHandler
                0x00000816                EINT3_IRQHandler
                0x00000816                CANActivity_IRQHandler
                0x00000816                TIMER3_IRQHandler
                0x00000816                UART0_IRQHandler
                0x00000816                UART1_IRQHandler
                0x00000816                I2C1_IRQHandler
                0x00000816                PLL0_IRQHandler
                0x00000816                I2C0_IRQHandler
                0x00000816                PLL1_IRQHandler
                0x00000816                SSP0_IRQHandler
                0x00000816                I2S_IRQHandler
                0x00000816                I2C2_IRQHandler
                0x00000816                RTC_IRQHandler
                0x00000816                TIMER0_IRQHandler
                0x00000816                RIT_IRQHandler
                0x00000816                SPI_IRQHandler
                0x00000816                EINT1_IRQHandler
                0x00000816                TIMER1_IRQHandler
                0x00000816                UART2_IRQHandler
                0x00000816                Default_Handler
                0x00000816                ADC_IRQHandler
                0x00000816                SSP1_IRQHandler
                0x00000816                USB_IRQHandler
                0x00000816                BOD_IRQHandler
                0x00000816                PWM1_IRQHandler
                0x00000816                WDT_IRQHandler
                0x00000816                CAN_IRQHandler
                0x00000816                QEI_IRQHandler
                0x00000816                EINT0_IRQHandler
                0x00000816                DEF_IRQHandler
                0x00000816                DMA_IRQHandler
                0x00000816                TIMER2_IRQHandler
                0x00000816                UART3_IRQHandler
                0x00000816                MCPWM_IRQHandler
                0x00000816                ENET_IRQHandler
 .text.SystemInit
                0x00000818       0xb8 mbed/TARGET_LPC1768/TOOLCHAIN_GCC_ARM/system_LPC17xx.o
                0x00000818                SystemInit
 .text.uart2_irq
                0x000008d0       0x64 ./mbed/TARGET_LPC1768/TOOLCHAIN_GCC_ARM\libmbed.a(serial_api.o)
                0x000008d0                uart2_irq
 .text.serial_irq_set_internal
                0x00000934       0xcc ./mbed/TARGET_LPC1768/TOOLCHAIN_GCC_ARM\libmbed.a(serial_api.o)
 .text.uart0_irq
                0x00000a00       0x64 ./mbed/TARGET_LPC1768/TOOLCHAIN_GCC_ARM\libmbed.a(serial_api.o)
                0x00000a00                uart0_irq
 .text.uart3_irq
                0x00000a64       0x6c ./mbed/TARGET_LPC1768/TOOLCHAIN_GCC_ARM\libmbed.a(serial_api.o)
                0x00000a64                uart3_irq
 .text.uart1_irq
                0x00000ad0       0x64 ./mbed/TARGET_LPC1768/TOOLCHAIN_GCC_ARM\libmbed.a(serial_api.o)
                0x00000ad0                uart1_irq
 .text.serial_baud
                0x00000b34      0x244 ./mbed/TARGET_LPC1768/TOOLCHAIN_GCC_ARM\libmbed.a(serial_api.o)
                0x00000b34                serial_baud
 .text.serial_format
                0x00000d78       0x78 ./mbed/TARGET_LPC1768/TOOLCHAIN_GCC_ARM\libmbed.a(serial_api.o)
                0x00000d78                serial_format
 .text.serial_irq_handler
                0x00000df0       0x20 ./mbed/TARGET_LPC1768/TOOLCHAIN_GCC_ARM\libmbed.a(serial_api.o)
                0x00000df0                serial_irq_handler
 .text.serial_getc
                0x00000e10       0x38 ./mbed/TARGET_LPC1768/TOOLCHAIN_GCC_ARM\libmbed.a(serial_api.o)
                0x00000e10                serial_getc
 .text.serial_writable
                0x00000e48       0x74 ./mbed/TARGET_LPC1768/TOOLCHAIN_GCC_ARM\libmbed.a(serial_api.o)
                0x00000e48                serial_writable
 .text.serial_putc
                0x00000ebc       0x34 ./mbed/TARGET_LPC1768/TOOLCHAIN_GCC_ARM\libmbed.a(serial_api.o)
                0x00000ebc                serial_putc
 .text.serial_set_flow_control
                0x00000ef0      0x12c ./mbed/TARGET_LPC1768/TOOLCHAIN_GCC_ARM\libmbed.a(serial_api.o)
                0x00000ef0                serial_set_flow_control
 .text.serial_init
                0x0000101c      0x1bc ./mbed/TARGET_LPC1768/TOOLCHAIN_GCC_ARM\libmbed.a(serial_api.o)
                0x0000101c                serial_init
 .text._ZN4mbed8FilePathC2EPKc
                0x000011d8       0x58 ./mbed/TARGET_LPC1768/TOOLCHAIN_GCC_ARM\libmbed.a(FilePath.o)
                0x000011d8                mbed::FilePath::FilePath(char const*)
                0x000011d8                mbed::FilePath::FilePath(char const*)
 .text._ZN4mbed8FilePath8fileNameEv
                0x00001230        0x4 ./mbed/TARGET_LPC1768/TOOLCHAIN_GCC_ARM\libmbed.a(FilePath.o)
                0x00001230                mbed::FilePath::fileName()
 .text._ZN4mbed8FilePath10fileSystemEv
                0x00001234       0x18 ./mbed/TARGET_LPC1768/TOOLCHAIN_GCC_ARM\libmbed.a(FilePath.o)
                0x00001234                mbed::FilePath::fileSystem()
 .text._ZN4mbed8FilePath6isFileEv
                0x0000124c       0x14 ./mbed/TARGET_LPC1768/TOOLCHAIN_GCC_ARM\libmbed.a(FilePath.o)
                0x0000124c                mbed::FilePath::isFile()
 .text._ZN4mbed8FilePath4fileEv
                0x00001260       0x1c ./mbed/TARGET_LPC1768/TOOLCHAIN_GCC_ARM\libmbed.a(FilePath.o)
                0x00001260                mbed::FilePath::file()
 .text._ZN4mbed8FilePath6existsEv
                0x0000127c        0xc ./mbed/TARGET_LPC1768/TOOLCHAIN_GCC_ARM\libmbed.a(FilePath.o)
                0x0000127c                mbed::FilePath::exists()
 .text._ZN4mbed6Serial5_getcEv
                0x00001288        0x4 ./mbed/TARGET_LPC1768/TOOLCHAIN_GCC_ARM\libmbed.a(Serial.o)
                0x00001288                mbed::Serial::_getc()
 .text._ZThn64_N4mbed6Serial5_getcEv
                0x0000128c        0x8 ./mbed/TARGET_LPC1768/TOOLCHAIN_GCC_ARM\libmbed.a(Serial.o)
                0x0000128c                non-virtual thunk to mbed::Serial::_getc()
 .text._ZN4mbed6Serial5_putcEi
                0x00001294        0x4 ./mbed/TARGET_LPC1768/TOOLCHAIN_GCC_ARM\libmbed.a(Serial.o)
                0x00001294                mbed::Serial::_putc(int)
 .text._ZThn64_N4mbed6Serial5_putcEi
                0x00001298        0x8 ./mbed/TARGET_LPC1768/TOOLCHAIN_GCC_ARM\libmbed.a(Serial.o)
                0x00001298                non-virtual thunk to mbed::Serial::_putc(int)
 .text._ZN4mbed6SerialC2E7PinNameS1_PKc
                0x000012a0       0x30 ./mbed/TARGET_LPC1768/TOOLCHAIN_GCC_ARM\libmbed.a(Serial.o)
                0x000012a0                mbed::Serial::Serial(PinName, PinName, char const*)
                0x000012a0                mbed::Serial::Serial(PinName, PinName, char const*)
 .text._ZN4mbed10SerialBase12_irq_handlerEm9SerialIrq
                0x000012d0       0x28 ./mbed/TARGET_LPC1768/TOOLCHAIN_GCC_ARM\libmbed.a(SerialBase.o)
                0x000012d0                mbed::SerialBase::_irq_handler(unsigned long, SerialIrq)
 .text._ZN4mbed10SerialBaseC2E7PinNameS1_
                0x000012f8       0x3c ./mbed/TARGET_LPC1768/TOOLCHAIN_GCC_ARM\libmbed.a(SerialBase.o)
                0x000012f8                mbed::SerialBase::SerialBase(PinName, PinName)
                0x000012f8                mbed::SerialBase::SerialBase(PinName, PinName)
 .text._ZN4mbed10SerialBase10_base_getcEv
                0x00001334        0x8 ./mbed/TARGET_LPC1768/TOOLCHAIN_GCC_ARM\libmbed.a(SerialBase.o)
                0x00001334                mbed::SerialBase::_base_getc()
 .text._ZN4mbed10SerialBase10_base_putcEi
                0x0000133c       0x10 ./mbed/TARGET_LPC1768/TOOLCHAIN_GCC_ARM\libmbed.a(SerialBase.o)
                0x0000133c                mbed::SerialBase::_base_putc(int)
 .text._ZN4mbed6Stream5closeEv
                0x0000134c        0x4 ./mbed/TARGET_LPC1768/TOOLCHAIN_GCC_ARM\libmbed.a(Stream.o)
                0x0000134c                mbed::Stream::close()
 .text._ZN4mbed6Stream5writeEPKvj
                0x00001350       0x30 ./mbed/TARGET_LPC1768/TOOLCHAIN_GCC_ARM\libmbed.a(Stream.o)
                0x00001350                mbed::Stream::write(void const*, unsigned int)
 .text._ZN4mbed6Stream4readEPvj
                0x00001380       0x30 ./mbed/TARGET_LPC1768/TOOLCHAIN_GCC_ARM\libmbed.a(Stream.o)
                0x00001380                mbed::Stream::read(void*, unsigned int)
 .text._ZN4mbed6Stream5lseekEli
                0x000013b0        0x4 ./mbed/TARGET_LPC1768/TOOLCHAIN_GCC_ARM\libmbed.a(Stream.o)
                0x000013b0                mbed::Stream::lseek(long, int)
 .text._ZN4mbed6Stream6isattyEv
                0x000013b4        0x4 ./mbed/TARGET_LPC1768/TOOLCHAIN_GCC_ARM\libmbed.a(Stream.o)
                0x000013b4                mbed::Stream::isatty()
 .text._ZN4mbed6Stream5fsyncEv
                0x000013b8        0x4 ./mbed/TARGET_LPC1768/TOOLCHAIN_GCC_ARM\libmbed.a(Stream.o)
                0x000013b8                mbed::Stream::fsync()
 .text._ZN4mbed6Stream4flenEv
                0x000013bc        0x4 ./mbed/TARGET_LPC1768/TOOLCHAIN_GCC_ARM\libmbed.a(Stream.o)
                0x000013bc                mbed::Stream::flen()
 .text._ZN4mbed6StreamD2Ev
                0x000013c0       0x24 ./mbed/TARGET_LPC1768/TOOLCHAIN_GCC_ARM\libmbed.a(Stream.o)
                0x000013c0                mbed::Stream::~Stream()
                0x000013c0                mbed::Stream::~Stream()
 .text._ZThn4_N4mbed6StreamD1Ev
                0x000013e4        0x8 ./mbed/TARGET_LPC1768/TOOLCHAIN_GCC_ARM\libmbed.a(Stream.o)
                0x000013e4                non-virtual thunk to mbed::Stream::~Stream()
 .text._ZN4mbed6StreamD0Ev
                0x000013ec       0x14 ./mbed/TARGET_LPC1768/TOOLCHAIN_GCC_ARM\libmbed.a(Stream.o)
                0x000013ec                mbed::Stream::~Stream()
 .text._ZThn4_N4mbed6StreamD0Ev
                0x00001400        0x8 ./mbed/TARGET_LPC1768/TOOLCHAIN_GCC_ARM\libmbed.a(Stream.o)
                0x00001400                non-virtual thunk to mbed::Stream::~Stream()
 .text._ZN4mbed6StreamC2EPKc
                0x00001408       0x44 ./mbed/TARGET_LPC1768/TOOLCHAIN_GCC_ARM\libmbed.a(Stream.o)
                0x00001408                mbed::Stream::Stream(char const*)
                0x00001408                mbed::Stream::Stream(char const*)
 .text._ZN4mbed6Stream6printfEPKcz
                0x0000144c       0x2c ./mbed/TARGET_LPC1768/TOOLCHAIN_GCC_ARM\libmbed.a(Stream.o)
                0x0000144c                mbed::Stream::printf(char const*, ...)
 .text.mbed_assert_internal
                0x00001478       0x18 ./mbed/TARGET_LPC1768/TOOLCHAIN_GCC_ARM\libmbed.a(assert.o)
                0x00001478                mbed_assert_internal
 .text.error    0x00001490       0x24 ./mbed/TARGET_LPC1768/TOOLCHAIN_GCC_ARM\libmbed.a(error.o)
                0x00001490                error
 .text.gpio_init_in
                0x000014b4       0x24 ./mbed/TARGET_LPC1768/TOOLCHAIN_GCC_ARM\libmbed.a(gpio.o)
                0x000014b4                gpio_init_in
 .text.gpio_init_out
                0x000014d8       0x44 ./mbed/TARGET_LPC1768/TOOLCHAIN_GCC_ARM\libmbed.a(gpio.o)
                0x000014d8                gpio_init_out
 .text.gpio_init_out_ex
                0x0000151c       0x54 ./mbed/TARGET_LPC1768/TOOLCHAIN_GCC_ARM\libmbed.a(gpio.o)
                0x0000151c                gpio_init_out_ex
 .text.mbed_interface_connected
                0x00001570        0x4 ./mbed/TARGET_LPC1768/TOOLCHAIN_GCC_ARM\libmbed.a(mbed_interface.o)
                0x00001570                mbed_interface_connected
 .text.pinmap_pinout
                0x00001574       0x40 ./mbed/TARGET_LPC1768/TOOLCHAIN_GCC_ARM\libmbed.a(pinmap_common.o)
                0x00001574                pinmap_pinout
 .text.pinmap_merge
                0x000015b4       0x24 ./mbed/TARGET_LPC1768/TOOLCHAIN_GCC_ARM\libmbed.a(pinmap_common.o)
                0x000015b4                pinmap_merge
 .text.pinmap_find_peripheral
                0x000015d8       0x1c ./mbed/TARGET_LPC1768/TOOLCHAIN_GCC_ARM\libmbed.a(pinmap_common.o)
                0x000015d8                pinmap_find_peripheral
 .text.pinmap_peripheral
                0x000015f4       0x34 ./mbed/TARGET_LPC1768/TOOLCHAIN_GCC_ARM\libmbed.a(pinmap_common.o)
                0x000015f4                pinmap_peripheral
 .text.semihost_exit
                0x00001628       0x18 ./mbed/TARGET_LPC1768/TOOLCHAIN_GCC_ARM\libmbed.a(semihost_api.o)
                0x00001628                semihost_exit
 .text.semihost_connected
                0x00001640       0x10 ./mbed/TARGET_LPC1768/TOOLCHAIN_GCC_ARM\libmbed.a(semihost_api.o)
                0x00001640                semihost_connected
 .text.wait_us  0x00001650       0x18 ./mbed/TARGET_LPC1768/TOOLCHAIN_GCC_ARM\libmbed.a(wait_api.o)
                0x00001650                wait_us
 .text.wait     0x00001668       0x18 ./mbed/TARGET_LPC1768/TOOLCHAIN_GCC_ARM\libmbed.a(wait_api.o)
                0x00001668                wait
 .text.wait_ms  0x00001680        0xc ./mbed/TARGET_LPC1768/TOOLCHAIN_GCC_ARM\libmbed.a(wait_api.o)
                0x00001680                wait_ms
 .text.gpio_set
                0x0000168c       0x30 ./mbed/TARGET_LPC1768/TOOLCHAIN_GCC_ARM\libmbed.a(gpio_api.o)
                0x0000168c                gpio_set
 .text.gpio_init
                0x000016bc       0x30 ./mbed/TARGET_LPC1768/TOOLCHAIN_GCC_ARM\libmbed.a(gpio_api.o)
                0x000016bc                gpio_init
 .text.gpio_mode
                0x000016ec        0x8 ./mbed/TARGET_LPC1768/TOOLCHAIN_GCC_ARM\libmbed.a(gpio_api.o)
                0x000016ec                gpio_mode
 .text.gpio_dir
                0x000016f4       0x44 ./mbed/TARGET_LPC1768/TOOLCHAIN_GCC_ARM\libmbed.a(gpio_api.o)
                0x000016f4                gpio_dir
 .text.pin_function
                0x00001738       0x50 ./mbed/TARGET_LPC1768/TOOLCHAIN_GCC_ARM\libmbed.a(pinmap.o)
                0x00001738                pin_function
 .text.pin_mode
                0x00001788       0x78 ./mbed/TARGET_LPC1768/TOOLCHAIN_GCC_ARM\libmbed.a(pinmap.o)
                0x00001788                pin_mode
 .text.us_ticker_init
                0x00001800       0x68 ./mbed/TARGET_LPC1768/TOOLCHAIN_GCC_ARM\libmbed.a(us_ticker.o)
                0x00001800                us_ticker_init
 .text.us_ticker_read
                0x00001868       0x1c ./mbed/TARGET_LPC1768/TOOLCHAIN_GCC_ARM\libmbed.a(us_ticker.o)
                0x00001868                us_ticker_read
 .text.us_ticker_set_interrupt
                0x00001884       0x14 ./mbed/TARGET_LPC1768/TOOLCHAIN_GCC_ARM\libmbed.a(us_ticker.o)
                0x00001884                us_ticker_set_interrupt
 .text.us_ticker_disable_interrupt
                0x00001898       0x10 ./mbed/TARGET_LPC1768/TOOLCHAIN_GCC_ARM\libmbed.a(us_ticker.o)
                0x00001898                us_ticker_disable_interrupt
 .text.us_ticker_clear_interrupt
                0x000018a8        0xc ./mbed/TARGET_LPC1768/TOOLCHAIN_GCC_ARM\libmbed.a(us_ticker.o)
                0x000018a8                us_ticker_clear_interrupt
 .text._ZN4mbed8FileBaseD2Ev
                0x000018b4       0x30 ./mbed/TARGET_LPC1768/TOOLCHAIN_GCC_ARM\libmbed.a(FileBase.o)
                0x000018b4                mbed::FileBase::~FileBase()
                0x000018b4                mbed::FileBase::~FileBase()
 .text._ZN4mbed8FileBaseD0Ev
                0x000018e4       0x3c ./mbed/TARGET_LPC1768/TOOLCHAIN_GCC_ARM\libmbed.a(FileBase.o)
                0x000018e4                mbed::FileBase::~FileBase()
 .text._ZN4mbed8FileBaseC2EPKcNS_8PathTypeE
                0x00001920       0x28 ./mbed/TARGET_LPC1768/TOOLCHAIN_GCC_ARM\libmbed.a(FileBase.o)
                0x00001920                mbed::FileBase::FileBase(char const*, mbed::PathType)
                0x00001920                mbed::FileBase::FileBase(char const*, mbed::PathType)
 .text._ZN4mbed8FileBase6lookupEPKcj
                0x00001948       0x3c ./mbed/TARGET_LPC1768/TOOLCHAIN_GCC_ARM\libmbed.a(FileBase.o)
                0x00001948                mbed::FileBase::lookup(char const*, unsigned int)
 .text._ZN4mbed8FileBase11getPathTypeEv
                0x00001984        0x4 ./mbed/TARGET_LPC1768/TOOLCHAIN_GCC_ARM\libmbed.a(FileBase.o)
                0x00001984                mbed::FileBase::getPathType()
 .text._ZN4mbed8FileLikeD2Ev
                0x00001988       0x24 ./mbed/TARGET_LPC1768/TOOLCHAIN_GCC_ARM\libmbed.a(FileLike.o)
                0x00001988                mbed::FileLike::~FileLike()
                0x00001988                mbed::FileLike::~FileLike()
 .text._ZThn4_N4mbed8FileLikeD1Ev
                0x000019ac        0x8 ./mbed/TARGET_LPC1768/TOOLCHAIN_GCC_ARM\libmbed.a(FileLike.o)
                0x000019ac                non-virtual thunk to mbed::FileLike::~FileLike()
 .text._ZN4mbed8FileLikeD0Ev
                0x000019b4       0x2c ./mbed/TARGET_LPC1768/TOOLCHAIN_GCC_ARM\libmbed.a(FileLike.o)
                0x000019b4                mbed::FileLike::~FileLike()
 .text._ZThn4_N4mbed8FileLikeD0Ev
                0x000019e0        0x8 ./mbed/TARGET_LPC1768/TOOLCHAIN_GCC_ARM\libmbed.a(FileLike.o)
                0x000019e0                non-virtual thunk to mbed::FileLike::~FileLike()
 .text._ZN4mbed8FileLikeC2EPKc
                0x000019e8       0x28 ./mbed/TARGET_LPC1768/TOOLCHAIN_GCC_ARM\libmbed.a(FileLike.o)
                0x000019e8                mbed::FileLike::FileLike(char const*)
                0x000019e8                mbed::FileLike::FileLike(char const*)
 .text.us_ticker_irq_handler
                0x00001a10        0xc ./mbed/TARGET_LPC1768/TOOLCHAIN_GCC_ARM\libmbed.a(us_ticker_api.o)
                0x00001a10                us_ticker_irq_handler
 .text.ticker_irq_handler
                0x00001a1c       0x48 ./mbed/TARGET_LPC1768/TOOLCHAIN_GCC_ARM\libmbed.a(ticker_api.o)
                0x00001a1c                ticker_irq_handler
 .text.__aeabi_atexit
                0x00001a64        0xa c:/program files (x86)/gnu tools arm embedded/5.2 2015q4/bin/../lib/gcc/arm-none-eabi/5.2.1/../../../../arm-none-eabi/lib/armv7-m\libstdc++_nano.a(atexit_arm.o)
                0x00001a64                __aeabi_atexit
 .text._ZdlPv   0x00001a6e        0x4 c:/program files (x86)/gnu tools arm embedded/5.2 2015q4/bin/../lib/gcc/arm-none-eabi/5.2.1/../../../../arm-none-eabi/lib/armv7-m\libstdc++_nano.a(del_op.o)
                0x00001a6e                operator delete(void*)
 .text.abs      0x00001a72        0x8 c:/program files (x86)/gnu tools arm embedded/5.2 2015q4/bin/../lib/gcc/arm-none-eabi/5.2.1/../../../../arm-none-eabi/lib/armv7-m\libc_nano.a(lib_a-abs.o)
                0x00001a72                abs
 *fill*         0x00001a7a        0x2 
 .text.__cxa_atexit
                0x00001a7c       0x1c c:/program files (x86)/gnu tools arm embedded/5.2 2015q4/bin/../lib/gcc/arm-none-eabi/5.2.1/../../../../arm-none-eabi/lib/armv7-m\libc_nano.a(lib_a-cxa_atexit.o)
                0x00001a7c                __cxa_atexit
 .text.__errno  0x00001a98        0xc c:/program files (x86)/gnu tools arm embedded/5.2 2015q4/bin/../lib/gcc/arm-none-eabi/5.2.1/../../../../arm-none-eabi/lib/armv7-m\libc_nano.a(lib_a-errno.o)
                0x00001a98                __errno
 .text.exit     0x00001aa4       0x28 c:/program files (x86)/gnu tools arm embedded/5.2 2015q4/bin/../lib/gcc/arm-none-eabi/5.2.1/../../../../arm-none-eabi/lib/armv7-m\libc_nano.a(lib_a-exit.o)
                0x00001aa4                exit
 .text._fclose_r
                0x00001acc       0xa4 c:/program files (x86)/gnu tools arm embedded/5.2 2015q4/bin/../lib/gcc/arm-none-eabi/5.2.1/../../../../arm-none-eabi/lib/armv7-m\libc_nano.a(lib_a-fclose.o)
                0x00001acc                _fclose_r
 .text.fclose   0x00001b70       0x10 c:/program files (x86)/gnu tools arm embedded/5.2 2015q4/bin/../lib/gcc/arm-none-eabi/5.2.1/../../../../arm-none-eabi/lib/armv7-m\libc_nano.a(lib_a-fclose.o)
                0x00001b70                fclose
 .text.__sflush_r
                0x00001b80      0x10c c:/program files (x86)/gnu tools arm embedded/5.2 2015q4/bin/../lib/gcc/arm-none-eabi/5.2.1/../../../../arm-none-eabi/lib/armv7-m\libc_nano.a(lib_a-fflush.o)
                0x00001b80                __sflush_r
 .text._fflush_r
                0x00001c8c       0x54 c:/program files (x86)/gnu tools arm embedded/5.2 2015q4/bin/../lib/gcc/arm-none-eabi/5.2.1/../../../../arm-none-eabi/lib/armv7-m\libc_nano.a(lib_a-fflush.o)
                0x00001c8c                _fflush_r
 .text.fflush   0x00001ce0       0x24 c:/program files (x86)/gnu tools arm embedded/5.2 2015q4/bin/../lib/gcc/arm-none-eabi/5.2.1/../../../../arm-none-eabi/lib/armv7-m\libc_nano.a(lib_a-fflush.o)
                0x00001ce0                fflush
 .text._cleanup_r
                0x00001d04        0xc c:/program files (x86)/gnu tools arm embedded/5.2 2015q4/bin/../lib/gcc/arm-none-eabi/5.2.1/../../../../arm-none-eabi/lib/armv7-m\libc_nano.a(lib_a-findfp.o)
                0x00001d04                _cleanup_r
 .text.std.isra.0
                0x00001d10       0x48 c:/program files (x86)/gnu tools arm embedded/5.2 2015q4/bin/../lib/gcc/arm-none-eabi/5.2.1/../../../../arm-none-eabi/lib/armv7-m\libc_nano.a(lib_a-findfp.o)
 .text.__sfmoreglue
                0x00001d58       0x2c c:/program files (x86)/gnu tools arm embedded/5.2 2015q4/bin/../lib/gcc/arm-none-eabi/5.2.1/../../../../arm-none-eabi/lib/armv7-m\libc_nano.a(lib_a-findfp.o)
                0x00001d58                __sfmoreglue
 .text.__sinit  0x00001d84       0x60 c:/program files (x86)/gnu tools arm embedded/5.2 2015q4/bin/../lib/gcc/arm-none-eabi/5.2.1/../../../../arm-none-eabi/lib/armv7-m\libc_nano.a(lib_a-findfp.o)
                0x00001d84                __sinit
 .text.__sfp    0x00001de4       0x78 c:/program files (x86)/gnu tools arm embedded/5.2 2015q4/bin/../lib/gcc/arm-none-eabi/5.2.1/../../../../arm-none-eabi/lib/armv7-m\libc_nano.a(lib_a-findfp.o)
                0x00001de4                __sfp
 .text.__sfp_lock_acquire
                0x00001e5c        0x2 c:/program files (x86)/gnu tools arm embedded/5.2 2015q4/bin/../lib/gcc/arm-none-eabi/5.2.1/../../../../arm-none-eabi/lib/armv7-m\libc_nano.a(lib_a-findfp.o)
                0x00001e5c                __sfp_lock_acquire
 .text.__sfp_lock_release
                0x00001e5e        0x2 c:/program files (x86)/gnu tools arm embedded/5.2 2015q4/bin/../lib/gcc/arm-none-eabi/5.2.1/../../../../arm-none-eabi/lib/armv7-m\libc_nano.a(lib_a-findfp.o)
                0x00001e5e                __sfp_lock_release
 .text._fopen_r
                0x00001e60       0x80 c:/program files (x86)/gnu tools arm embedded/5.2 2015q4/bin/../lib/gcc/arm-none-eabi/5.2.1/../../../../arm-none-eabi/lib/armv7-m\libc_nano.a(lib_a-fopen.o)
                0x00001e60                _fopen_r
 .text.fopen    0x00001ee0       0x10 c:/program files (x86)/gnu tools arm embedded/5.2 2015q4/bin/../lib/gcc/arm-none-eabi/5.2.1/../../../../arm-none-eabi/lib/armv7-m\libc_nano.a(lib_a-fopen.o)
                0x00001ee0                fopen
 .text._fseek_r
                0x00001ef0        0x4 c:/program files (x86)/gnu tools arm embedded/5.2 2015q4/bin/../lib/gcc/arm-none-eabi/5.2.1/../../../../arm-none-eabi/lib/armv7-m\libc_nano.a(lib_a-fseek.o)
                0x00001ef0                _fseek_r
 .text._fseeko_r
                0x00001ef4      0x118 c:/program files (x86)/gnu tools arm embedded/5.2 2015q4/bin/../lib/gcc/arm-none-eabi/5.2.1/../../../../arm-none-eabi/lib/armv7-m\libc_nano.a(lib_a-fseeko.o)
                0x00001ef4                _fseeko_r
 .text._fwalk_reent
                0x0000200c       0x3c c:/program files (x86)/gnu tools arm embedded/5.2 2015q4/bin/../lib/gcc/arm-none-eabi/5.2.1/../../../../arm-none-eabi/lib/armv7-m\libc_nano.a(lib_a-fwalk.o)
                0x0000200c                _fwalk_reent
 .text.__libc_init_array
                0x00002048       0x4c c:/program files (x86)/gnu tools arm embedded/5.2 2015q4/bin/../lib/gcc/arm-none-eabi/5.2.1/../../../../arm-none-eabi/lib/armv7-m\libc_nano.a(lib_a-init.o)
                0x00002048                __libc_init_array
 .text.__smakebuf_r
                0x00002094       0x98 c:/program files (x86)/gnu tools arm embedded/5.2 2015q4/bin/../lib/gcc/arm-none-eabi/5.2.1/../../../../arm-none-eabi/lib/armv7-m\libc_nano.a(lib_a-makebuf.o)
                0x00002094                __smakebuf_r
 .text.malloc   0x0000212c       0x10 c:/program files (x86)/gnu tools arm embedded/5.2 2015q4/bin/../lib/gcc/arm-none-eabi/5.2.1/../../../../arm-none-eabi/lib/armv7-m\libc_nano.a(lib_a-malloc.o)
                0x0000212c                malloc
 .text.free     0x0000213c       0x10 c:/program files (x86)/gnu tools arm embedded/5.2 2015q4/bin/../lib/gcc/arm-none-eabi/5.2.1/../../../../arm-none-eabi/lib/armv7-m\libc_nano.a(lib_a-malloc.o)
                0x0000213c                free
 .text.memchr   0x0000214c       0x1c c:/program files (x86)/gnu tools arm embedded/5.2 2015q4/bin/../lib/gcc/arm-none-eabi/5.2.1/../../../../arm-none-eabi/lib/armv7-m\libc_nano.a(lib_a-memchr-stub.o)
                0x0000214c                memchr
 .text.memcpy   0x00002168       0x16 c:/program files (x86)/gnu tools arm embedded/5.2 2015q4/bin/../lib/gcc/arm-none-eabi/5.2.1/../../../../arm-none-eabi/lib/armv7-m\libc_nano.a(lib_a-memcpy-stub.o)
                0x00002168                memcpy
 .text.memset   0x0000217e       0x10 c:/program files (x86)/gnu tools arm embedded/5.2 2015q4/bin/../lib/gcc/arm-none-eabi/5.2.1/../../../../arm-none-eabi/lib/armv7-m\libc_nano.a(lib_a-memset.o)
                0x0000217e                memset
 *fill*         0x0000218e        0x2 
 .text._free_r  0x00002190       0x88 c:/program files (x86)/gnu tools arm embedded/5.2 2015q4/bin/../lib/gcc/arm-none-eabi/5.2.1/../../../../arm-none-eabi/lib/armv7-m\libc_nano.a(lib_a-nano-freer.o)
                0x00002190                _free_r
 .text._malloc_r
                0x00002218       0xa8 c:/program files (x86)/gnu tools arm embedded/5.2 2015q4/bin/../lib/gcc/arm-none-eabi/5.2.1/../../../../arm-none-eabi/lib/armv7-m\libc_nano.a(lib_a-nano-mallocr.o)
                0x00002218                _malloc_r
 .text.__sfputc_r
                0x000022c0       0x2c c:/program files (x86)/gnu tools arm embedded/5.2 2015q4/bin/../lib/gcc/arm-none-eabi/5.2.1/../../../../arm-none-eabi/lib/armv7-m\libc_nano.a(lib_a-nano-vfprintf.o)
 .text.__sfputs_r
                0x000022ec       0x24 c:/program files (x86)/gnu tools arm embedded/5.2 2015q4/bin/../lib/gcc/arm-none-eabi/5.2.1/../../../../arm-none-eabi/lib/armv7-m\libc_nano.a(lib_a-nano-vfprintf.o)
                0x000022ec                __sfputs_r
 .text._vfprintf_r
                0x00002310      0x238 c:/program files (x86)/gnu tools arm embedded/5.2 2015q4/bin/../lib/gcc/arm-none-eabi/5.2.1/../../../../arm-none-eabi/lib/armv7-m\libc_nano.a(lib_a-nano-vfprintf.o)
                0x00002310                _vfprintf_r
                0x00002310                _vfiprintf_r
 .text.vfprintf
                0x00002548       0x14 c:/program files (x86)/gnu tools arm embedded/5.2 2015q4/bin/../lib/gcc/arm-none-eabi/5.2.1/../../../../arm-none-eabi/lib/armv7-m\libc_nano.a(lib_a-nano-vfprintf.o)
                0x00002548                vfprintf
                0x00002548                vfiprintf
 .text.__cvt    0x0000255c       0xc0 c:/program files (x86)/gnu tools arm embedded/5.2 2015q4/bin/../lib/gcc/arm-none-eabi/5.2.1/../../../../arm-none-eabi/lib/armv7-m\libc_nano.a(lib_a-nano-vfprintf_float.o)
                0x0000255c                __cvt
 .text.__exponent
                0x0000261c       0x62 c:/program files (x86)/gnu tools arm embedded/5.2 2015q4/bin/../lib/gcc/arm-none-eabi/5.2.1/../../../../arm-none-eabi/lib/armv7-m\libc_nano.a(lib_a-nano-vfprintf_float.o)
                0x0000261c                __exponent
 *fill*         0x0000267e        0x2 
 .text._printf_float
                0x00002680      0x46c c:/program files (x86)/gnu tools arm embedded/5.2 2015q4/bin/../lib/gcc/arm-none-eabi/5.2.1/../../../../arm-none-eabi/lib/armv7-m\libc_nano.a(lib_a-nano-vfprintf_float.o)
                0x00002680                _printf_float
 .text._printf_common
                0x00002aec       0xec c:/program files (x86)/gnu tools arm embedded/5.2 2015q4/bin/../lib/gcc/arm-none-eabi/5.2.1/../../../../arm-none-eabi/lib/armv7-m\libc_nano.a(lib_a-nano-vfprintf_i.o)
                0x00002aec                _printf_common
 .text._printf_i
                0x00002bd8      0x24c c:/program files (x86)/gnu tools arm embedded/5.2 2015q4/bin/../lib/gcc/arm-none-eabi/5.2.1/../../../../arm-none-eabi/lib/armv7-m\libc_nano.a(lib_a-nano-vfprintf_i.o)
                0x00002bd8                _printf_i
 .text._scanf_float
                0x00002e24      0x3b8 c:/program files (x86)/gnu tools arm embedded/5.2 2015q4/bin/../lib/gcc/arm-none-eabi/5.2.1/../../../../arm-none-eabi/lib/armv7-m\libc_nano.a(lib_a-nano-vfscanf_float.o)
                0x00002e24                _scanf_float
 .text._scanf_chars
                0x000031dc       0xcc c:/program files (x86)/gnu tools arm embedded/5.2 2015q4/bin/../lib/gcc/arm-none-eabi/5.2.1/../../../../arm-none-eabi/lib/armv7-m\libc_nano.a(lib_a-nano-vfscanf_i.o)
                0x000031dc                _scanf_chars
 .text._scanf_i
                0x000032a8      0x1e4 c:/program files (x86)/gnu tools arm embedded/5.2 2015q4/bin/../lib/gcc/arm-none-eabi/5.2.1/../../../../arm-none-eabi/lib/armv7-m\libc_nano.a(lib_a-nano-vfscanf_i.o)
                0x000032a8                _scanf_i
 .text._open_r  0x0000348c       0x24 c:/program files (x86)/gnu tools arm embedded/5.2 2015q4/bin/../lib/gcc/arm-none-eabi/5.2.1/../../../../arm-none-eabi/lib/armv7-m\libc_nano.a(lib_a-openr.o)
                0x0000348c                _open_r
 .text.__fpclassifyd
                0x000034b0       0x50 c:/program files (x86)/gnu tools arm embedded/5.2 2015q4/bin/../lib/gcc/arm-none-eabi/5.2.1/../../../../arm-none-eabi/lib/armv7-m\libc_nano.a(lib_a-s_fpclassify.o)
                0x000034b0                __fpclassifyd
 .text._sbrk_r  0x00003500       0x20 c:/program files (x86)/gnu tools arm embedded/5.2 2015q4/bin/../lib/gcc/arm-none-eabi/5.2.1/../../../../arm-none-eabi/lib/armv7-m\libc_nano.a(lib_a-sbrkr.o)
                0x00003500                _sbrk_r
 .text.__sccl   0x00003520       0x60 c:/program files (x86)/gnu tools arm embedded/5.2 2015q4/bin/../lib/gcc/arm-none-eabi/5.2.1/../../../../arm-none-eabi/lib/armv7-m\libc_nano.a(lib_a-sccl.o)
                0x00003520                __sccl
 .text.setbuf   0x00003580       0x10 c:/program files (x86)/gnu tools arm embedded/5.2 2015q4/bin/../lib/gcc/arm-none-eabi/5.2.1/../../../../arm-none-eabi/lib/armv7-m\libc_nano.a(lib_a-setbuf.o)
                0x00003580                setbuf
 .text.setvbuf  0x00003590      0x110 c:/program files (x86)/gnu tools arm embedded/5.2 2015q4/bin/../lib/gcc/arm-none-eabi/5.2.1/../../../../arm-none-eabi/lib/armv7-m\libc_nano.a(lib_a-setvbuf.o)
                0x00003590                setvbuf
 .text.nanf     0x000036a0        0x8 c:/program files (x86)/gnu tools arm embedded/5.2 2015q4/bin/../lib/gcc/arm-none-eabi/5.2.1/../../../../arm-none-eabi/lib/armv7-m\libc_nano.a(lib_a-sf_nan.o)
                0x000036a0                nanf
 .text.sprintf  0x000036a8       0x48 c:/program files (x86)/gnu tools arm embedded/5.2 2015q4/bin/../lib/gcc/arm-none-eabi/5.2.1/../../../../arm-none-eabi/lib/armv7-m\libc_nano.a(lib_a-sprintf.o)
                0x000036a8                siprintf
                0x000036a8                sprintf
 .text.sscanf   0x000036f0       0x54 c:/program files (x86)/gnu tools arm embedded/5.2 2015q4/bin/../lib/gcc/arm-none-eabi/5.2.1/../../../../arm-none-eabi/lib/armv7-m\libc_nano.a(lib_a-sscanf.o)
                0x000036f0                siscanf
                0x000036f0                sscanf
 .text.__sread  0x00003744       0x22 c:/program files (x86)/gnu tools arm embedded/5.2 2015q4/bin/../lib/gcc/arm-none-eabi/5.2.1/../../../../arm-none-eabi/lib/armv7-m\libc_nano.a(lib_a-stdio.o)
                0x00003744                __sread
 .text.__seofread
                0x00003766        0x4 c:/program files (x86)/gnu tools arm embedded/5.2 2015q4/bin/../lib/gcc/arm-none-eabi/5.2.1/../../../../arm-none-eabi/lib/armv7-m\libc_nano.a(lib_a-stdio.o)
                0x00003766                __seofread
 .text.__swrite
                0x0000376a       0x38 c:/program files (x86)/gnu tools arm embedded/5.2 2015q4/bin/../lib/gcc/arm-none-eabi/5.2.1/../../../../arm-none-eabi/lib/armv7-m\libc_nano.a(lib_a-stdio.o)
                0x0000376a                __swrite
 .text.__sseek  0x000037a2       0x24 c:/program files (x86)/gnu tools arm embedded/5.2 2015q4/bin/../lib/gcc/arm-none-eabi/5.2.1/../../../../arm-none-eabi/lib/armv7-m\libc_nano.a(lib_a-stdio.o)
                0x000037a2                __sseek
 .text.__sclose
                0x000037c6        0x8 c:/program files (x86)/gnu tools arm embedded/5.2 2015q4/bin/../lib/gcc/arm-none-eabi/5.2.1/../../../../arm-none-eabi/lib/armv7-m\libc_nano.a(lib_a-stdio.o)
                0x000037c6                __sclose
 .text          0x000037ce       0x14 c:/program files (x86)/gnu tools arm embedded/5.2 2015q4/bin/../lib/gcc/arm-none-eabi/5.2.1/../../../../arm-none-eabi/lib/armv7-m\libc_nano.a(lib_a-strcmp.o)
                0x000037ce                strcmp
 .text          0x000037e2       0x10 c:/program files (x86)/gnu tools arm embedded/5.2 2015q4/bin/../lib/gcc/arm-none-eabi/5.2.1/../../../../arm-none-eabi/lib/armv7-m\libc_nano.a(lib_a-strlen.o)
                0x000037e2                strlen
 .text.strncmp  0x000037f2       0x2a c:/program files (x86)/gnu tools arm embedded/5.2 2015q4/bin/../lib/gcc/arm-none-eabi/5.2.1/../../../../arm-none-eabi/lib/armv7-m\libc_nano.a(lib_a-strncmp.o)
                0x000037f2                strncmp
 .text.sulp     0x0000381c       0x42 c:/program files (x86)/gnu tools arm embedded/5.2 2015q4/bin/../lib/gcc/arm-none-eabi/5.2.1/../../../../arm-none-eabi/lib/armv7-m\libc_nano.a(lib_a-strtod.o)
 *fill*         0x0000385e        0x2 
 .text._strtod_r
                0x00003860      0xc00 c:/program files (x86)/gnu tools arm embedded/5.2 2015q4/bin/../lib/gcc/arm-none-eabi/5.2.1/../../../../arm-none-eabi/lib/armv7-m\libc_nano.a(lib_a-strtod.o)
                0x00003860                _strtod_r
 .text._strtol_r
                0x00004460      0x10c c:/program files (x86)/gnu tools arm embedded/5.2 2015q4/bin/../lib/gcc/arm-none-eabi/5.2.1/../../../../arm-none-eabi/lib/armv7-m\libc_nano.a(lib_a-strtol.o)
                0x00004460                _strtol_r
 .text._strtoul_r
                0x0000456c       0xfc c:/program files (x86)/gnu tools arm embedded/5.2 2015q4/bin/../lib/gcc/arm-none-eabi/5.2.1/../../../../arm-none-eabi/lib/armv7-m\libc_nano.a(lib_a-strtoul.o)
                0x0000456c                _strtoul_r
 .text.__submore
                0x00004668       0x72 c:/program files (x86)/gnu tools arm embedded/5.2 2015q4/bin/../lib/gcc/arm-none-eabi/5.2.1/../../../../arm-none-eabi/lib/armv7-m\libc_nano.a(lib_a-ungetc.o)
                0x00004668                __submore
 *fill*         0x000046da        0x2 
 .text.__swbuf_r
                0x000046dc       0xa8 c:/program files (x86)/gnu tools arm embedded/5.2 2015q4/bin/../lib/gcc/arm-none-eabi/5.2.1/../../../../arm-none-eabi/lib/armv7-m\libc_nano.a(lib_a-wbuf.o)
                0x000046dc                __swbuf_r
 .text._write_r
                0x00004784       0x24 c:/program files (x86)/gnu tools arm embedded/5.2 2015q4/bin/../lib/gcc/arm-none-eabi/5.2.1/../../../../arm-none-eabi/lib/armv7-m\libc_nano.a(lib_a-writer.o)
                0x00004784                _write_r
 .text.__swsetup_r
                0x000047a8       0xd8 c:/program files (x86)/gnu tools arm embedded/5.2 2015q4/bin/../lib/gcc/arm-none-eabi/5.2.1/../../../../arm-none-eabi/lib/armv7-m\libc_nano.a(lib_a-wsetup.o)
                0x000047a8                __swsetup_r
 .text._close_r
                0x00004880       0x20 c:/program files (x86)/gnu tools arm embedded/5.2 2015q4/bin/../lib/gcc/arm-none-eabi/5.2.1/../../../../arm-none-eabi/lib/armv7-m\libc_nano.a(lib_a-closer.o)
                0x00004880                _close_r
 .text.quorem   0x000048a0      0x116 c:/program files (x86)/gnu tools arm embedded/5.2 2015q4/bin/../lib/gcc/arm-none-eabi/5.2.1/../../../../arm-none-eabi/lib/armv7-m\libc_nano.a(lib_a-dtoa.o)
 *fill*         0x000049b6        0x2 
 .text._dtoa_r  0x000049b8      0xb30 c:/program files (x86)/gnu tools arm embedded/5.2 2015q4/bin/../lib/gcc/arm-none-eabi/5.2.1/../../../../arm-none-eabi/lib/armv7-m\libc_nano.a(lib_a-dtoa.o)
                0x000049b8                _dtoa_r
 .text.__sflags
                0x000054e8       0x6e c:/program files (x86)/gnu tools arm embedded/5.2 2015q4/bin/../lib/gcc/arm-none-eabi/5.2.1/../../../../arm-none-eabi/lib/armv7-m\libc_nano.a(lib_a-flags.o)
                0x000054e8                __sflags
 *fill*         0x00005556        0x2 
 .text._fstat_r
                0x00005558       0x24 c:/program files (x86)/gnu tools arm embedded/5.2 2015q4/bin/../lib/gcc/arm-none-eabi/5.2.1/../../../../arm-none-eabi/lib/armv7-m\libc_nano.a(lib_a-fstatr.o)
                0x00005558                _fstat_r
 .text.rshift   0x0000557c       0x6c c:/program files (x86)/gnu tools arm embedded/5.2 2015q4/bin/../lib/gcc/arm-none-eabi/5.2.1/../../../../arm-none-eabi/lib/armv7-m\libc_nano.a(lib_a-gdtoa-gethex.o)
 .text.__hexdig_fun
                0x000055e8       0x2a c:/program files (x86)/gnu tools arm embedded/5.2 2015q4/bin/../lib/gcc/arm-none-eabi/5.2.1/../../../../arm-none-eabi/lib/armv7-m\libc_nano.a(lib_a-gdtoa-gethex.o)
                0x000055e8                __hexdig_fun
 .text.__gethex
                0x00005612      0x43e c:/program files (x86)/gnu tools arm embedded/5.2 2015q4/bin/../lib/gcc/arm-none-eabi/5.2.1/../../../../arm-none-eabi/lib/armv7-m\libc_nano.a(lib_a-gdtoa-gethex.o)
                0x00005612                __gethex
 .text.L_shift  0x00005a50       0x24 c:/program files (x86)/gnu tools arm embedded/5.2 2015q4/bin/../lib/gcc/arm-none-eabi/5.2.1/../../../../arm-none-eabi/lib/armv7-m\libc_nano.a(lib_a-gdtoa-hexnan.o)
 .text.__match  0x00005a74       0x26 c:/program files (x86)/gnu tools arm embedded/5.2 2015q4/bin/../lib/gcc/arm-none-eabi/5.2.1/../../../../arm-none-eabi/lib/armv7-m\libc_nano.a(lib_a-gdtoa-hexnan.o)
                0x00005a74                __match
 .text.__hexnan
                0x00005a9a      0x11c c:/program files (x86)/gnu tools arm embedded/5.2 2015q4/bin/../lib/gcc/arm-none-eabi/5.2.1/../../../../arm-none-eabi/lib/armv7-m\libc_nano.a(lib_a-gdtoa-hexnan.o)
                0x00005a9a                __hexnan
 *fill*         0x00005bb6        0x2 
 .text._isatty_r
                0x00005bb8       0x20 c:/program files (x86)/gnu tools arm embedded/5.2 2015q4/bin/../lib/gcc/arm-none-eabi/5.2.1/../../../../arm-none-eabi/lib/armv7-m\libc_nano.a(lib_a-isattyr.o)
                0x00005bb8                _isatty_r
 .text._localeconv_r
                0x00005bd8        0x8 c:/program files (x86)/gnu tools arm embedded/5.2 2015q4/bin/../lib/gcc/arm-none-eabi/5.2.1/../../../../arm-none-eabi/lib/armv7-m\libc_nano.a(lib_a-locale.o)
                0x00005bd8                _localeconv_r
 .text._lseek_r
                0x00005be0       0x24 c:/program files (x86)/gnu tools arm embedded/5.2 2015q4/bin/../lib/gcc/arm-none-eabi/5.2.1/../../../../arm-none-eabi/lib/armv7-m\libc_nano.a(lib_a-lseekr.o)
                0x00005be0                _lseek_r
 .text.memmove  0x00005c04       0x36 c:/program files (x86)/gnu tools arm embedded/5.2 2015q4/bin/../lib/gcc/arm-none-eabi/5.2.1/../../../../arm-none-eabi/lib/armv7-m\libc_nano.a(lib_a-memmove.o)
                0x00005c04                memmove
 .text._Balloc  0x00005c3a       0x6a c:/program files (x86)/gnu tools arm embedded/5.2 2015q4/bin/../lib/gcc/arm-none-eabi/5.2.1/../../../../arm-none-eabi/lib/armv7-m\libc_nano.a(lib_a-mprec.o)
                0x00005c3a                _Balloc
 .text._Bfree   0x00005ca4       0x2e c:/program files (x86)/gnu tools arm embedded/5.2 2015q4/bin/../lib/gcc/arm-none-eabi/5.2.1/../../../../arm-none-eabi/lib/armv7-m\libc_nano.a(lib_a-mprec.o)
                0x00005ca4                _Bfree
 .text.__multadd
                0x00005cd2       0x76 c:/program files (x86)/gnu tools arm embedded/5.2 2015q4/bin/../lib/gcc/arm-none-eabi/5.2.1/../../../../arm-none-eabi/lib/armv7-m\libc_nano.a(lib_a-mprec.o)
                0x00005cd2                __multadd
 .text.__s2b    0x00005d48       0x7c c:/program files (x86)/gnu tools arm embedded/5.2 2015q4/bin/../lib/gcc/arm-none-eabi/5.2.1/../../../../arm-none-eabi/lib/armv7-m\libc_nano.a(lib_a-mprec.o)
                0x00005d48                __s2b
 .text.__hi0bits
                0x00005dc4       0x40 c:/program files (x86)/gnu tools arm embedded/5.2 2015q4/bin/../lib/gcc/arm-none-eabi/5.2.1/../../../../arm-none-eabi/lib/armv7-m\libc_nano.a(lib_a-mprec.o)
                0x00005dc4                __hi0bits
 .text.__lo0bits
                0x00005e04       0x5a c:/program files (x86)/gnu tools arm embedded/5.2 2015q4/bin/../lib/gcc/arm-none-eabi/5.2.1/../../../../arm-none-eabi/lib/armv7-m\libc_nano.a(lib_a-mprec.o)
                0x00005e04                __lo0bits
 .text.__i2b    0x00005e5e       0x12 c:/program files (x86)/gnu tools arm embedded/5.2 2015q4/bin/../lib/gcc/arm-none-eabi/5.2.1/../../../../arm-none-eabi/lib/armv7-m\libc_nano.a(lib_a-mprec.o)
                0x00005e5e                __i2b
 .text.__multiply
                0x00005e70      0x120 c:/program files (x86)/gnu tools arm embedded/5.2 2015q4/bin/../lib/gcc/arm-none-eabi/5.2.1/../../../../arm-none-eabi/lib/armv7-m\libc_nano.a(lib_a-mprec.o)
                0x00005e70                __multiply
 .text.__pow5mult
                0x00005f90       0x9c c:/program files (x86)/gnu tools arm embedded/5.2 2015q4/bin/../lib/gcc/arm-none-eabi/5.2.1/../../../../arm-none-eabi/lib/armv7-m\libc_nano.a(lib_a-mprec.o)
                0x00005f90                __pow5mult
 .text.__lshift
                0x0000602c       0xa2 c:/program files (x86)/gnu tools arm embedded/5.2 2015q4/bin/../lib/gcc/arm-none-eabi/5.2.1/../../../../arm-none-eabi/lib/armv7-m\libc_nano.a(lib_a-mprec.o)
                0x0000602c                __lshift
 .text.__mcmp   0x000060ce       0x38 c:/program files (x86)/gnu tools arm embedded/5.2 2015q4/bin/../lib/gcc/arm-none-eabi/5.2.1/../../../../arm-none-eabi/lib/armv7-m\libc_nano.a(lib_a-mprec.o)
                0x000060ce                __mcmp
 .text.__mdiff  0x00006106       0xbe c:/program files (x86)/gnu tools arm embedded/5.2 2015q4/bin/../lib/gcc/arm-none-eabi/5.2.1/../../../../arm-none-eabi/lib/armv7-m\libc_nano.a(lib_a-mprec.o)
                0x00006106                __mdiff
 .text.__ulp    0x000061c4       0x48 c:/program files (x86)/gnu tools arm embedded/5.2 2015q4/bin/../lib/gcc/arm-none-eabi/5.2.1/../../../../arm-none-eabi/lib/armv7-m\libc_nano.a(lib_a-mprec.o)
                0x000061c4                __ulp
 .text.__b2d    0x0000620c       0x9a c:/program files (x86)/gnu tools arm embedded/5.2 2015q4/bin/../lib/gcc/arm-none-eabi/5.2.1/../../../../arm-none-eabi/lib/armv7-m\libc_nano.a(lib_a-mprec.o)
                0x0000620c                __b2d
 .text.__d2b    0x000062a6       0x9c c:/program files (x86)/gnu tools arm embedded/5.2 2015q4/bin/../lib/gcc/arm-none-eabi/5.2.1/../../../../arm-none-eabi/lib/armv7-m\libc_nano.a(lib_a-mprec.o)
                0x000062a6                __d2b
 .text.__ratio  0x00006342       0x50 c:/program files (x86)/gnu tools arm embedded/5.2 2015q4/bin/../lib/gcc/arm-none-eabi/5.2.1/../../../../arm-none-eabi/lib/armv7-m\libc_nano.a(lib_a-mprec.o)
                0x00006342                __ratio
 .text.__copybits
                0x00006392       0x34 c:/program files (x86)/gnu tools arm embedded/5.2 2015q4/bin/../lib/gcc/arm-none-eabi/5.2.1/../../../../arm-none-eabi/lib/armv7-m\libc_nano.a(lib_a-mprec.o)
                0x00006392                __copybits
 .text.__any_on
                0x000063c6       0x44 c:/program files (x86)/gnu tools arm embedded/5.2 2015q4/bin/../lib/gcc/arm-none-eabi/5.2.1/../../../../arm-none-eabi/lib/armv7-m\libc_nano.a(lib_a-mprec.o)
                0x000063c6                __any_on
 .text._calloc_r
                0x0000640a       0x1c c:/program files (x86)/gnu tools arm embedded/5.2 2015q4/bin/../lib/gcc/arm-none-eabi/5.2.1/../../../../arm-none-eabi/lib/armv7-m\libc_nano.a(lib_a-nano-callocr.o)
                0x0000640a                _calloc_r
 .text._realloc_r
                0x00006426       0x4c c:/program files (x86)/gnu tools arm embedded/5.2 2015q4/bin/../lib/gcc/arm-none-eabi/5.2.1/../../../../arm-none-eabi/lib/armv7-m\libc_nano.a(lib_a-nano-reallocr.o)
                0x00006426                _realloc_r
 .text.__ssputs_r
                0x00006472       0xb2 c:/program files (x86)/gnu tools arm embedded/5.2 2015q4/bin/../lib/gcc/arm-none-eabi/5.2.1/../../../../arm-none-eabi/lib/armv7-m\libc_nano.a(lib_a-nano-svfprintf.o)
                0x00006472                __ssputs_r
 .text._svfprintf_r
                0x00006524      0x1e8 c:/program files (x86)/gnu tools arm embedded/5.2 2015q4/bin/../lib/gcc/arm-none-eabi/5.2.1/../../../../arm-none-eabi/lib/armv7-m\libc_nano.a(lib_a-nano-svfprintf.o)
                0x00006524                _svfiprintf_r
                0x00006524                _svfprintf_r
 .text._sungetc_r
                0x0000670c       0x7c c:/program files (x86)/gnu tools arm embedded/5.2 2015q4/bin/../lib/gcc/arm-none-eabi/5.2.1/../../../../arm-none-eabi/lib/armv7-m\libc_nano.a(lib_a-nano-svfscanf.o)
                0x0000670c                _sungetc_r
 .text.__ssrefill_r
                0x00006788       0x3a c:/program files (x86)/gnu tools arm embedded/5.2 2015q4/bin/../lib/gcc/arm-none-eabi/5.2.1/../../../../arm-none-eabi/lib/armv7-m\libc_nano.a(lib_a-nano-svfscanf.o)
                0x00006788                __ssrefill_r
 *fill*         0x000067c2        0x2 
 .text.__ssvfscanf_r
                0x000067c4      0x29c c:/program files (x86)/gnu tools arm embedded/5.2 2015q4/bin/../lib/gcc/arm-none-eabi/5.2.1/../../../../arm-none-eabi/lib/armv7-m\libc_nano.a(lib_a-nano-svfscanf.o)
                0x000067c4                __ssvfiscanf_r
                0x000067c4                __ssvfscanf_r
 .text._read_r  0x00006a60       0x24 c:/program files (x86)/gnu tools arm embedded/5.2 2015q4/bin/../lib/gcc/arm-none-eabi/5.2.1/../../../../arm-none-eabi/lib/armv7-m\libc_nano.a(lib_a-readr.o)
                0x00006a60                _read_r
 .text._malloc_usable_size_r
                0x00006a84       0x14 c:/program files (x86)/gnu tools arm embedded/5.2 2015q4/bin/../lib/gcc/arm-none-eabi/5.2.1/../../../../arm-none-eabi/lib/armv7-m\libc_nano.a(lib_a-nano-msizer.o)
                0x00006a84                _malloc_usable_size_r
 .text          0x00006a98      0x370 c:/program files (x86)/gnu tools arm embedded/5.2 2015q4/bin/../lib/gcc/arm-none-eabi/5.2.1/armv7-m\libgcc.a(_arm_addsubdf3.o)
                0x00006a98                __aeabi_drsub
                0x00006aa0                __aeabi_dsub
                0x00006aa0                __subdf3
                0x00006aa4                __aeabi_dadd
                0x00006aa4                __adddf3
                0x00006d1c                __floatunsidf
                0x00006d1c                __aeabi_ui2d
                0x00006d3c                __floatsidf
                0x00006d3c                __aeabi_i2d
                0x00006d60                __aeabi_f2d
                0x00006d60                __extendsfdf2
                0x00006d9c                __floatundidf
                0x00006d9c                __aeabi_ul2d
                0x00006dac                __floatdidf
                0x00006dac                __aeabi_l2d
 .text          0x00006e08      0x424 c:/program files (x86)/gnu tools arm embedded/5.2 2015q4/bin/../lib/gcc/arm-none-eabi/5.2.1/armv7-m\libgcc.a(_arm_muldivdf3.o)
                0x00006e08                __aeabi_dmul
                0x00006e08                __muldf3
                0x0000705c                __divdf3
                0x0000705c                __aeabi_ddiv
 .text          0x0000722c      0x110 c:/program files (x86)/gnu tools arm embedded/5.2 2015q4/bin/../lib/gcc/arm-none-eabi/5.2.1/armv7-m\libgcc.a(_arm_cmpdf2.o)
                0x0000722c                __gtdf2
                0x0000722c                __gedf2
                0x00007234                __ltdf2
                0x00007234                __ledf2
                0x0000723c                __nedf2
                0x0000723c                __eqdf2
                0x0000723c                __cmpdf2
                0x000072b8                __aeabi_cdrcmple
                0x000072c8                __aeabi_cdcmpeq
                0x000072c8                __aeabi_cdcmple
                0x000072d8                __aeabi_dcmpeq
                0x000072ec                __aeabi_dcmplt
                0x00007300                __aeabi_dcmple
                0x00007314                __aeabi_dcmpge
                0x00007328                __aeabi_dcmpgt
 .text          0x0000733c       0x50 c:/program files (x86)/gnu tools arm embedded/5.2 2015q4/bin/../lib/gcc/arm-none-eabi/5.2.1/armv7-m\libgcc.a(_arm_fixdfsi.o)
                0x0000733c                __aeabi_d2iz
                0x0000733c                __fixdfsi
 .text          0x0000738c       0x40 c:/program files (x86)/gnu tools arm embedded/5.2 2015q4/bin/../lib/gcc/arm-none-eabi/5.2.1/armv7-m\libgcc.a(_arm_fixunsdfsi.o)
                0x0000738c                __aeabi_d2uiz
                0x0000738c                __fixunsdfsi
 .text          0x000073cc       0xa0 c:/program files (x86)/gnu tools arm embedded/5.2 2015q4/bin/../lib/gcc/arm-none-eabi/5.2.1/armv7-m\libgcc.a(_arm_truncdfsf2.o)
                0x000073cc                __truncdfsf2
                0x000073cc                __aeabi_d2f
 .text          0x0000746c      0x2a0 c:/program files (x86)/gnu tools arm embedded/5.2 2015q4/bin/../lib/gcc/arm-none-eabi/5.2.1/armv7-m\libgcc.a(_arm_muldivsf3.o)
                0x0000746c                __mulsf3
                0x0000746c                __aeabi_fmul
                0x000075d4                __aeabi_fdiv
                0x000075d4                __divsf3
 .text          0x0000770c       0x4c c:/program files (x86)/gnu tools arm embedded/5.2 2015q4/bin/../lib/gcc/arm-none-eabi/5.2.1/armv7-m\libgcc.a(_arm_fixsfsi.o)
                0x0000770c                __aeabi_f2iz
                0x0000770c                __fixsfsi
 *(.init)
 .init          0x00007758        0x4 c:/program files (x86)/gnu tools arm embedded/5.2 2015q4/bin/../lib/gcc/arm-none-eabi/5.2.1/armv7-m/crti.o
                0x00007758                _init
 .init          0x0000775c        0x8 c:/program files (x86)/gnu tools arm embedded/5.2 2015q4/bin/../lib/gcc/arm-none-eabi/5.2.1/armv7-m/crtn.o
 *(.fini)
 .fini          0x00007764        0x4 c:/program files (x86)/gnu tools arm embedded/5.2 2015q4/bin/../lib/gcc/arm-none-eabi/5.2.1/armv7-m/crti.o
                0x00007764                _fini
 .fini          0x00007768        0x8 c:/program files (x86)/gnu tools arm embedded/5.2 2015q4/bin/../lib/gcc/arm-none-eabi/5.2.1/armv7-m/crtn.o
 *crtbegin.o(.ctors)
 *crtbegin?.o(.ctors)
 *(EXCLUDE_FILE(*crtend.o *crtend?.o) .ctors)
 *(SORT(.ctors.*))
 *(.ctors)
 *crtbegin.o(.dtors)
 *crtbegin?.o(.dtors)
 *(EXCLUDE_FILE(*crtend.o *crtend?.o) .dtors)
 *(SORT(.dtors.*))
 *(.dtors)
 *(.rodata*)
 .rodata.str1.1
                0x00007770       0x1a main.o
 *fill*         0x0000778a        0x2 
 .rodata.str1.4
                0x0000778c       0x80 mbed/TARGET_LPC1768/TOOLCHAIN_GCC_ARM/board.o
 .rodata.__stdin_name
                0x0000780c        0x8 mbed/TARGET_LPC1768/TOOLCHAIN_GCC_ARM/retarget.o
                0x0000780c                __stdin_name
 .rodata.__stderr_name
                0x00007814        0x8 mbed/TARGET_LPC1768/TOOLCHAIN_GCC_ARM/retarget.o
                0x00007814                __stderr_name
 .rodata.__stdout_name
                0x0000781c        0x8 mbed/TARGET_LPC1768/TOOLCHAIN_GCC_ARM/retarget.o
                0x0000781c                __stdout_name
 *fill*         0x00007824        0x4 
 .rodata._ZTVN4mbed10FileHandleE
                0x00007828       0x30 mbed/TARGET_LPC1768/TOOLCHAIN_GCC_ARM/retarget.o
                0x00007828                vtable for mbed::FileHandle
 .rodata.str1.4
                0x00007858        0xe mbed/TARGET_LPC1768/TOOLCHAIN_GCC_ARM/retarget.o
                                 0x10 (size before relaxing)
 *fill*         0x00007866        0x2 
 .rodata.PinMap_UART_RTS
                0x00007868       0x24 ./mbed/TARGET_LPC1768/TOOLCHAIN_GCC_ARM\libmbed.a(serial_api.o)
 .rodata.CSWTCH.24
                0x0000788c       0x10 ./mbed/TARGET_LPC1768/TOOLCHAIN_GCC_ARM\libmbed.a(serial_api.o)
 .rodata.PinMap_UART_RX
                0x0000789c       0x6c ./mbed/TARGET_LPC1768/TOOLCHAIN_GCC_ARM\libmbed.a(serial_api.o)
 .rodata.str1.4
                0x00007908      0x1d0 ./mbed/TARGET_LPC1768/TOOLCHAIN_GCC_ARM\libmbed.a(serial_api.o)
                                0x1e8 (size before relaxing)
 .rodata.PinMap_UART_TX
                0x00007ad8       0x6c ./mbed/TARGET_LPC1768/TOOLCHAIN_GCC_ARM\libmbed.a(serial_api.o)
 .rodata.PinMap_UART_CTS
                0x00007b44       0x24 ./mbed/TARGET_LPC1768/TOOLCHAIN_GCC_ARM\libmbed.a(serial_api.o)
 .rodata._ZTVN4mbed10SerialBaseE
                0x00007b68       0x10 ./mbed/TARGET_LPC1768/TOOLCHAIN_GCC_ARM\libmbed.a(Serial.o)
                0x00007b68                vtable for mbed::SerialBase
 .rodata._ZTVN4mbed6SerialE
                0x00007b78       0x60 ./mbed/TARGET_LPC1768/TOOLCHAIN_GCC_ARM\libmbed.a(Serial.o)
                0x00007b78                vtable for mbed::Serial
 .rodata._ZTVN4mbed6StreamE
                0x00007bd8       0x48 ./mbed/TARGET_LPC1768/TOOLCHAIN_GCC_ARM\libmbed.a(Stream.o)
                0x00007bd8                vtable for mbed::Stream
 .rodata.str1.4
                0x00007c20        0x3 ./mbed/TARGET_LPC1768/TOOLCHAIN_GCC_ARM\libmbed.a(Stream.o)
                                  0x8 (size before relaxing)
 *fill*         0x00007c23        0x1 
 .rodata.str1.4
                0x00007c24       0x31 ./mbed/TARGET_LPC1768/TOOLCHAIN_GCC_ARM\libmbed.a(assert.o)
                                 0x34 (size before relaxing)
 .rodata.str1.4
                0x00007c55       0x80 ./mbed/TARGET_LPC1768/TOOLCHAIN_GCC_ARM\libmbed.a(gpio.o)
 *fill*         0x00007c55        0x3 
 .rodata.str1.4
                0x00007c58       0x66 ./mbed/TARGET_LPC1768/TOOLCHAIN_GCC_ARM\libmbed.a(pinmap_common.o)
                                 0x68 (size before relaxing)
 *fill*         0x00007cbe        0x2 
 .rodata.str1.4
                0x00007cc0       0x7a ./mbed/TARGET_LPC1768/TOOLCHAIN_GCC_ARM\libmbed.a(gpio_api.o)
                                 0x94 (size before relaxing)
 *fill*         0x00007d3a        0x2 
 .rodata.str1.4
                0x00007d3c       0x64 ./mbed/TARGET_LPC1768/TOOLCHAIN_GCC_ARM\libmbed.a(pinmap.o)
                                 0x78 (size before relaxing)
 .rodata._ZTVN4mbed8FileBaseE
                0x00007da0       0x10 ./mbed/TARGET_LPC1768/TOOLCHAIN_GCC_ARM\libmbed.a(FileBase.o)
                0x00007da0                vtable for mbed::FileBase
 .rodata._ZTVN4mbed8FileLikeE
                0x00007db0       0x40 ./mbed/TARGET_LPC1768/TOOLCHAIN_GCC_ARM\libmbed.a(FileLike.o)
                0x00007db0                vtable for mbed::FileLike
 .rodata.us_interface
                0x00007df0       0x14 ./mbed/TARGET_LPC1768/TOOLCHAIN_GCC_ARM\libmbed.a(us_ticker_api.o)
 .rodata.us_data
                0x00007e04        0x8 ./mbed/TARGET_LPC1768/TOOLCHAIN_GCC_ARM\libmbed.a(us_ticker_api.o)
 .rodata.__sf_fake_stdin
                0x00007e0c       0x20 c:/program files (x86)/gnu tools arm embedded/5.2 2015q4/bin/../lib/gcc/arm-none-eabi/5.2.1/../../../../arm-none-eabi/lib/armv7-m\libc_nano.a(lib_a-findfp.o)
                0x00007e0c                __sf_fake_stdin
 .rodata.__sf_fake_stdout
                0x00007e2c       0x20 c:/program files (x86)/gnu tools arm embedded/5.2 2015q4/bin/../lib/gcc/arm-none-eabi/5.2.1/../../../../arm-none-eabi/lib/armv7-m\libc_nano.a(lib_a-findfp.o)
                0x00007e2c                __sf_fake_stdout
 .rodata.__sf_fake_stderr
                0x00007e4c       0x20 c:/program files (x86)/gnu tools arm embedded/5.2 2015q4/bin/../lib/gcc/arm-none-eabi/5.2.1/../../../../arm-none-eabi/lib/armv7-m\libc_nano.a(lib_a-findfp.o)
                0x00007e4c                __sf_fake_stderr
 .rodata.str1.1
                0x00007e6c        0x2 c:/program files (x86)/gnu tools arm embedded/5.2 2015q4/bin/../lib/gcc/arm-none-eabi/5.2.1/../../../../arm-none-eabi/lib/armv7-m\libc_nano.a(lib_a-impure.o)
 *fill*         0x00007e6e        0x2 
 .rodata._global_impure_ptr
                0x00007e70        0x4 c:/program files (x86)/gnu tools arm embedded/5.2 2015q4/bin/../lib/gcc/arm-none-eabi/5.2.1/../../../../arm-none-eabi/lib/armv7-m\libc_nano.a(lib_a-impure.o)
                0x00007e70                _global_impure_ptr
 .rodata.str1.1
                0x00007e74       0x11 c:/program files (x86)/gnu tools arm embedded/5.2 2015q4/bin/../lib/gcc/arm-none-eabi/5.2.1/../../../../arm-none-eabi/lib/armv7-m\libc_nano.a(lib_a-nano-vfprintf.o)
 .rodata.str1.1
                0x00007e85       0x10 c:/program files (x86)/gnu tools arm embedded/5.2 2015q4/bin/../lib/gcc/arm-none-eabi/5.2.1/../../../../arm-none-eabi/lib/armv7-m\libc_nano.a(lib_a-nano-vfprintf_float.o)
                                 0x12 (size before relaxing)
 .rodata.str1.1
                0x00007e95       0x22 c:/program files (x86)/gnu tools arm embedded/5.2 2015q4/bin/../lib/gcc/arm-none-eabi/5.2.1/../../../../arm-none-eabi/lib/armv7-m\libc_nano.a(lib_a-nano-vfprintf_i.o)
 .rodata.str1.1
                0x00007eb7        0x5 c:/program files (x86)/gnu tools arm embedded/5.2 2015q4/bin/../lib/gcc/arm-none-eabi/5.2.1/../../../../arm-none-eabi/lib/armv7-m\libc_nano.a(lib_a-nano-vfscanf_float.o)
 .rodata        0x00007ebc        0xc c:/program files (x86)/gnu tools arm embedded/5.2 2015q4/bin/../lib/gcc/arm-none-eabi/5.2.1/../../../../arm-none-eabi/lib/armv7-m\libc_nano.a(lib_a-nano-vfscanf_i.o)
 .rodata.str1.1
                0x00007ec8       0x1b c:/program files (x86)/gnu tools arm embedded/5.2 2015q4/bin/../lib/gcc/arm-none-eabi/5.2.1/../../../../arm-none-eabi/lib/armv7-m\libc_nano.a(lib_a-nano-vfscanf_i.o)
 *fill*         0x00007ee3        0x1 
 .rodata.fpinan.5407
                0x00007ee4       0x14 c:/program files (x86)/gnu tools arm embedded/5.2 2015q4/bin/../lib/gcc/arm-none-eabi/5.2.1/../../../../arm-none-eabi/lib/armv7-m\libc_nano.a(lib_a-strtod.o)
 .rodata.str1.1
                0x00007ef8       0x1b c:/program files (x86)/gnu tools arm embedded/5.2 2015q4/bin/../lib/gcc/arm-none-eabi/5.2.1/../../../../arm-none-eabi/lib/armv7-m\libc_nano.a(lib_a-strtod.o)
                                  0xc (size before relaxing)
 .rodata.fpi.5371
                0x00007ef8       0x14 c:/program files (x86)/gnu tools arm embedded/5.2 2015q4/bin/../lib/gcc/arm-none-eabi/5.2.1/../../../../arm-none-eabi/lib/armv7-m\libc_nano.a(lib_a-strtod.o)
 *fill*         0x00007f0c        0x4 
 .rodata.tinytens
                0x00007f10       0x28 c:/program files (x86)/gnu tools arm embedded/5.2 2015q4/bin/../lib/gcc/arm-none-eabi/5.2.1/../../../../arm-none-eabi/lib/armv7-m\libc_nano.a(lib_a-strtod.o)
 .rodata._ctype_
                0x00007f38      0x101 c:/program files (x86)/gnu tools arm embedded/5.2 2015q4/bin/../lib/gcc/arm-none-eabi/5.2.1/../../../../arm-none-eabi/lib/armv7-m\libc_nano.a(lib_a-ctype_.o)
                0x00007f38                _ctype_
 .rodata.str1.1
                0x00008039        0xd c:/program files (x86)/gnu tools arm embedded/5.2 2015q4/bin/../lib/gcc/arm-none-eabi/5.2.1/../../../../arm-none-eabi/lib/armv7-m\libc_nano.a(lib_a-dtoa.o)
                                  0xf (size before relaxing)
 .rodata.str1.1
                0x00008046        0x8 c:/program files (x86)/gnu tools arm embedded/5.2 2015q4/bin/../lib/gcc/arm-none-eabi/5.2.1/../../../../arm-none-eabi/lib/armv7-m\libc_nano.a(lib_a-locale.o)
                                  0xb (size before relaxing)
 *fill*         0x0000804e        0x2 
 .rodata.__mprec_tens
                0x00008050       0xc8 c:/program files (x86)/gnu tools arm embedded/5.2 2015q4/bin/../lib/gcc/arm-none-eabi/5.2.1/../../../../arm-none-eabi/lib/armv7-m\libc_nano.a(lib_a-mprec.o)
                0x00008050                __mprec_tens
 .rodata.p05.5414
                0x00008118        0xc c:/program files (x86)/gnu tools arm embedded/5.2 2015q4/bin/../lib/gcc/arm-none-eabi/5.2.1/../../../../arm-none-eabi/lib/armv7-m\libc_nano.a(lib_a-mprec.o)
 *fill*         0x00008124        0x4 
 .rodata.__mprec_bigtens
                0x00008128       0x28 c:/program files (x86)/gnu tools arm embedded/5.2 2015q4/bin/../lib/gcc/arm-none-eabi/5.2.1/../../../../arm-none-eabi/lib/armv7-m\libc_nano.a(lib_a-mprec.o)
                0x00008128                __mprec_bigtens
 .rodata.str1.1
                0x00008150       0x11 c:/program files (x86)/gnu tools arm embedded/5.2 2015q4/bin/../lib/gcc/arm-none-eabi/5.2.1/../../../../arm-none-eabi/lib/armv7-m\libc_nano.a(lib_a-nano-svfprintf.o)
 .rodata.str1.1
                0x00008150        0x4 c:/program files (x86)/gnu tools arm embedded/5.2 2015q4/bin/../lib/gcc/arm-none-eabi/5.2.1/../../../../arm-none-eabi/lib/armv7-m\libc_nano.a(lib_a-nano-svfscanf.o)
 *(.eh_frame*)
 .eh_frame      0x00008150        0x0 c:/program files (x86)/gnu tools arm embedded/5.2 2015q4/bin/../lib/gcc/arm-none-eabi/5.2.1/armv7-m/crtbegin.o
 .eh_frame      0x00008150        0x4 c:/program files (x86)/gnu tools arm embedded/5.2 2015q4/bin/../lib/gcc/arm-none-eabi/5.2.1/armv7-m/crtend.o

.glue_7         0x00008154        0x0
 .glue_7        0x00008154        0x0 linker stubs

.glue_7t        0x00008154        0x0
 .glue_7t       0x00008154        0x0 linker stubs

.vfp11_veneer   0x00008154        0x0
 .vfp11_veneer  0x00008154        0x0 linker stubs

.v4_bx          0x00008154        0x0
 .v4_bx         0x00008154        0x0 linker stubs

.iplt           0x00008154        0x0
 .iplt          0x00008154        0x0 c:/program files (x86)/gnu tools arm embedded/5.2 2015q4/bin/../lib/gcc/arm-none-eabi/5.2.1/armv7-m/crtbegin.o

.ARM.extab
 *(.ARM.extab* .gnu.linkonce.armextab.*)
                0x00008154                __exidx_start = .

.ARM.exidx      0x00008154        0x8
 *(.ARM.exidx* .gnu.linkonce.armexidx.*)
 .ARM.exidx     0x00008154        0x8 c:/program files (x86)/gnu tools arm embedded/5.2 2015q4/bin/../lib/gcc/arm-none-eabi/5.2.1/../../../../arm-none-eabi/lib/armv7-m/crt0.o
                0x0000815c                __exidx_end = .
                0x0000815c                __etext = .

.rel.dyn        0x0000815c        0x0
 .rel.iplt      0x0000815c        0x0 c:/program files (x86)/gnu tools arm embedded/5.2 2015q4/bin/../lib/gcc/arm-none-eabi/5.2.1/armv7-m/crtbegin.o

.data           0x100000c8       0xb8 load address 0x0000815c
                0x100000c8                __data_start__ = .
                0x100000c8                Image$$RW_IRAM1$$Base = .
 *(vtable)
 *(.data*)
 .data          0x100000c8        0x4 c:/program files (x86)/gnu tools arm embedded/5.2 2015q4/bin/../lib/gcc/arm-none-eabi/5.2.1/armv7-m/crtbegin.o
                0x100000c8                __dso_handle
 .data._ZZ5_sbrkE4heap
                0x100000cc        0x4 mbed/TARGET_LPC1768/TOOLCHAIN_GCC_ARM/retarget.o
 .data.SystemCoreClock
                0x100000d0        0x4 mbed/TARGET_LPC1768/TOOLCHAIN_GCC_ARM/system_LPC17xx.o
                0x100000d0                SystemCoreClock
 .data.impure_data
                0x100000d4       0x60 c:/program files (x86)/gnu tools arm embedded/5.2 2015q4/bin/../lib/gcc/arm-none-eabi/5.2.1/../../../../arm-none-eabi/lib/armv7-m\libc_nano.a(lib_a-impure.o)
 .data._impure_ptr
                0x10000134        0x4 c:/program files (x86)/gnu tools arm embedded/5.2 2015q4/bin/../lib/gcc/arm-none-eabi/5.2.1/../../../../arm-none-eabi/lib/armv7-m\libc_nano.a(lib_a-impure.o)
                0x10000134                _impure_ptr
 .data.__ctype_ptr__
                0x10000138        0x4 c:/program files (x86)/gnu tools arm embedded/5.2 2015q4/bin/../lib/gcc/arm-none-eabi/5.2.1/../../../../arm-none-eabi/lib/armv7-m\libc_nano.a(lib_a-ctype_.o)
                0x10000138                __ctype_ptr__
 .data.lconv    0x1000013c       0x38 c:/program files (x86)/gnu tools arm embedded/5.2 2015q4/bin/../lib/gcc/arm-none-eabi/5.2.1/../../../../arm-none-eabi/lib/armv7-m\libc_nano.a(lib_a-locale.o)
                0x10000174                . = ALIGN (0x4)
                0x10000174                PROVIDE (__preinit_array_start, .)
 *(.preinit_array)
                0x10000174                PROVIDE (__preinit_array_end, .)
                0x10000174                . = ALIGN (0x4)
                0x10000174                PROVIDE (__init_array_start, .)
 *(SORT(.init_array.*))
 *(.init_array)
 .init_array    0x10000174        0x4 c:/program files (x86)/gnu tools arm embedded/5.2 2015q4/bin/../lib/gcc/arm-none-eabi/5.2.1/armv7-m/crtbegin.o
 .init_array    0x10000178        0x4 main.o
                0x1000017c                PROVIDE (__init_array_end, .)
                0x1000017c                . = ALIGN (0x4)
                [!provide]                PROVIDE (__fini_array_start, .)
 *(SORT(.fini_array.*))
 *(.fini_array)
 .fini_array    0x1000017c        0x4 c:/program files (x86)/gnu tools arm embedded/5.2 2015q4/bin/../lib/gcc/arm-none-eabi/5.2.1/armv7-m/crtbegin.o
                [!provide]                PROVIDE (__fini_array_end, .)
                0x10000180                . = ALIGN (0x4)
                0x10000180                __data_end__ = .

.jcr            0x10000180        0x0 load address 0x00008214
 .jcr           0x10000180        0x0 c:/program files (x86)/gnu tools arm embedded/5.2 2015q4/bin/../lib/gcc/arm-none-eabi/5.2.1/armv7-m/crtbegin.o

.tm_clone_table
                0x10000180        0x0 load address 0x00008214
 .tm_clone_table
                0x10000180        0x0 c:/program files (x86)/gnu tools arm embedded/5.2 2015q4/bin/../lib/gcc/arm-none-eabi/5.2.1/armv7-m/crtbegin.o
 .tm_clone_table
                0x10000180        0x0 c:/program files (x86)/gnu tools arm embedded/5.2 2015q4/bin/../lib/gcc/arm-none-eabi/5.2.1/armv7-m/crtend.o

.igot.plt       0x10000180        0x0 load address 0x00008214
 .igot.plt      0x10000180        0x0 c:/program files (x86)/gnu tools arm embedded/5.2 2015q4/bin/../lib/gcc/arm-none-eabi/5.2.1/armv7-m/crtbegin.o

.bss            0x10000180      0x2b0 load address 0x00008214
                0x10000180                __bss_start__ = .
 *(.bss*)
 .bss           0x10000180       0x1c c:/program files (x86)/gnu tools arm embedded/5.2 2015q4/bin/../lib/gcc/arm-none-eabi/5.2.1/armv7-m/crtbegin.o
 .bss.myled     0x1000019c       0x18 main.o
                0x1000019c                myled
 .bss.pc        0x100001b4       0x58 main.o
                0x100001b4                pc
 .bss.myled1    0x1000020c       0x18 main.o
                0x1000020c                myled1
 .bss._ZL11filehandles
                0x10000224      0x100 mbed/TARGET_LPC1768/TOOLCHAIN_GCC_ARM/retarget.o
 .bss.stdio_uart_inited
                0x10000324        0x4 ./mbed/TARGET_LPC1768/TOOLCHAIN_GCC_ARM\libmbed.a(serial_api.o)
                0x10000324                stdio_uart_inited
 .bss.irq_handler
                0x10000328        0x4 ./mbed/TARGET_LPC1768/TOOLCHAIN_GCC_ARM\libmbed.a(serial_api.o)
 .bss.uart_data
                0x1000032c       0xe0 ./mbed/TARGET_LPC1768/TOOLCHAIN_GCC_ARM\libmbed.a(serial_api.o)
 .bss.us_ticker_inited
                0x1000040c        0x4 ./mbed/TARGET_LPC1768/TOOLCHAIN_GCC_ARM\libmbed.a(us_ticker.o)
                0x1000040c                us_ticker_inited
 .bss._ZN4mbed8FileBase5_headE
                0x10000410        0x4 ./mbed/TARGET_LPC1768/TOOLCHAIN_GCC_ARM\libmbed.a(FileBase.o)
                0x10000410                mbed::FileBase::_head
 .bss.events    0x10000414        0x8 ./mbed/TARGET_LPC1768/TOOLCHAIN_GCC_ARM\libmbed.a(us_ticker_api.o)
 .bss.__malloc_sbrk_start
                0x1000041c        0x4 c:/program files (x86)/gnu tools arm embedded/5.2 2015q4/bin/../lib/gcc/arm-none-eabi/5.2.1/../../../../arm-none-eabi/lib/armv7-m\libc_nano.a(lib_a-nano-mallocr.o)
                0x1000041c                __malloc_sbrk_start
 .bss.__malloc_free_list
                0x10000420        0x4 c:/program files (x86)/gnu tools arm embedded/5.2 2015q4/bin/../lib/gcc/arm-none-eabi/5.2.1/../../../../arm-none-eabi/lib/armv7-m\libc_nano.a(lib_a-nano-mallocr.o)
                0x10000420                __malloc_free_list
 *(COMMON)
 COMMON         0x10000424        0x8 ./mbed/TARGET_LPC1768/TOOLCHAIN_GCC_ARM\libmbed.a(serial_api.o)
                0x10000424                stdio_uart
 COMMON         0x1000042c        0x4 c:/program files (x86)/gnu tools arm embedded/5.2 2015q4/bin/../lib/gcc/arm-none-eabi/5.2.1/../../../../arm-none-eabi/lib/armv7-m\libc_nano.a(lib_a-reent.o)
                0x1000042c                errno
                0x10000430                __bss_end__ = .
                0x10000430                Image$$RW_IRAM1$$ZI$$Limit = .

.heap           0x10000430      0x800
                0x10000430                __end__ = .
                0x10000430                end = __end__
 *(.heap*)
 .heap          0x10000430      0x800 mbed/TARGET_LPC1768/TOOLCHAIN_GCC_ARM/startup_LPC17xx.o
                0x10000430                __HeapBase
                0x10000c30                __HeapLimit = .

.stack_dummy    0x10000430      0xc00
 *(.stack)
 .stack         0x10000430      0xc00 mbed/TARGET_LPC1768/TOOLCHAIN_GCC_ARM/startup_LPC17xx.o
                0x10008000                __StackTop = (ORIGIN (RAM) + LENGTH (RAM))
                0x10007400                __StackLimit = (__StackTop - SIZEOF (.stack_dummy))
                0x10008000                PROVIDE (__stack, __StackTop)
                0x00000001                ASSERT ((__StackLimit >= __HeapLimit), region RAM overflowed with stack)

.AHBSRAM0       0x2007c000        0x0
                0x2007c000                Image$$RW_IRAM2$$Base = .
 *(AHBSRAM0)
                0x2007c000                Image$$RW_IRAM2$$ZI$$Limit = .

.AHBSRAM1       0x20080000        0x0
                0x20080000                Image$$RW_IRAM3$$Base = .
 *(AHBSRAM1)
                0x20080000                Image$$RW_IRAM3$$ZI$$Limit = .
OUTPUT(mbed_blinky.elf elf32-littlearm)

.ARM.attributes
                0x00000000       0x29
 .ARM.attributes
                0x00000000       0x1d c:/program files (x86)/gnu tools arm embedded/5.2 2015q4/bin/../lib/gcc/arm-none-eabi/5.2.1/armv7-m/crti.o
 .ARM.attributes
                0x0000001d       0x2d c:/program files (x86)/gnu tools arm embedded/5.2 2015q4/bin/../lib/gcc/arm-none-eabi/5.2.1/armv7-m/crtbegin.o
 .ARM.attributes
                0x0000004a       0x1b c:/program files (x86)/gnu tools arm embedded/5.2 2015q4/bin/../lib/gcc/arm-none-eabi/5.2.1/../../../../arm-none-eabi/lib/armv7-m/crt0.o
 .ARM.attributes
                0x00000065       0x33 main.o
 .ARM.attributes
                0x00000098       0x33 mbed/TARGET_LPC1768/TOOLCHAIN_GCC_ARM/board.o
 .ARM.attributes
                0x000000cb       0x33 mbed/TARGET_LPC1768/TOOLCHAIN_GCC_ARM/cmsis_nvic.o
 .ARM.attributes
                0x000000fe       0x33 mbed/TARGET_LPC1768/TOOLCHAIN_GCC_ARM/retarget.o
 .ARM.attributes
                0x00000131       0x1b mbed/TARGET_LPC1768/TOOLCHAIN_GCC_ARM/startup_LPC17xx.o
 .ARM.attributes
                0x0000014c       0x33 mbed/TARGET_LPC1768/TOOLCHAIN_GCC_ARM/system_LPC17xx.o
 .ARM.attributes
                0x0000017f       0x33 ./mbed/TARGET_LPC1768/TOOLCHAIN_GCC_ARM\libmbed.a(serial_api.o)
 .ARM.attributes
                0x000001b2       0x33 ./mbed/TARGET_LPC1768/TOOLCHAIN_GCC_ARM\libmbed.a(FilePath.o)
 .ARM.attributes
                0x000001e5       0x33 ./mbed/TARGET_LPC1768/TOOLCHAIN_GCC_ARM\libmbed.a(Serial.o)
 .ARM.attributes
                0x00000218       0x33 ./mbed/TARGET_LPC1768/TOOLCHAIN_GCC_ARM\libmbed.a(SerialBase.o)
 .ARM.attributes
                0x0000024b       0x33 ./mbed/TARGET_LPC1768/TOOLCHAIN_GCC_ARM\libmbed.a(Stream.o)
 .ARM.attributes
                0x0000027e       0x33 ./mbed/TARGET_LPC1768/TOOLCHAIN_GCC_ARM\libmbed.a(assert.o)
 .ARM.attributes
                0x000002b1       0x33 ./mbed/TARGET_LPC1768/TOOLCHAIN_GCC_ARM\libmbed.a(error.o)
 .ARM.attributes
                0x000002e4       0x33 ./mbed/TARGET_LPC1768/TOOLCHAIN_GCC_ARM\libmbed.a(gpio.o)
 .ARM.attributes
                0x00000317       0x33 ./mbed/TARGET_LPC1768/TOOLCHAIN_GCC_ARM\libmbed.a(mbed_interface.o)
 .ARM.attributes
                0x0000034a       0x33 ./mbed/TARGET_LPC1768/TOOLCHAIN_GCC_ARM\libmbed.a(pinmap_common.o)
 .ARM.attributes
                0x0000037d       0x33 ./mbed/TARGET_LPC1768/TOOLCHAIN_GCC_ARM\libmbed.a(semihost_api.o)
 .ARM.attributes
                0x000003b0       0x33 ./mbed/TARGET_LPC1768/TOOLCHAIN_GCC_ARM\libmbed.a(wait_api.o)
 .ARM.attributes
                0x000003e3       0x33 ./mbed/TARGET_LPC1768/TOOLCHAIN_GCC_ARM\libmbed.a(gpio_api.o)
 .ARM.attributes
                0x00000416       0x33 ./mbed/TARGET_LPC1768/TOOLCHAIN_GCC_ARM\libmbed.a(pinmap.o)
 .ARM.attributes
                0x00000449       0x33 ./mbed/TARGET_LPC1768/TOOLCHAIN_GCC_ARM\libmbed.a(us_ticker.o)
 .ARM.attributes
                0x0000047c       0x33 ./mbed/TARGET_LPC1768/TOOLCHAIN_GCC_ARM\libmbed.a(FileBase.o)
 .ARM.attributes
                0x000004af       0x33 ./mbed/TARGET_LPC1768/TOOLCHAIN_GCC_ARM\libmbed.a(FileLike.o)
 .ARM.attributes
                0x000004e2       0x33 ./mbed/TARGET_LPC1768/TOOLCHAIN_GCC_ARM\libmbed.a(us_ticker_api.o)
 .ARM.attributes
                0x00000515       0x33 ./mbed/TARGET_LPC1768/TOOLCHAIN_GCC_ARM\libmbed.a(ticker_api.o)
 .ARM.attributes
                0x00000548       0x2d c:/program files (x86)/gnu tools arm embedded/5.2 2015q4/bin/../lib/gcc/arm-none-eabi/5.2.1/../../../../arm-none-eabi/lib/armv7-m\libstdc++_nano.a(atexit_arm.o)
 .ARM.attributes
                0x00000575       0x2d c:/program files (x86)/gnu tools arm embedded/5.2 2015q4/bin/../lib/gcc/arm-none-eabi/5.2.1/../../../../arm-none-eabi/lib/armv7-m\libstdc++_nano.a(del_op.o)
 .ARM.attributes
                0x000005a2       0x2d c:/program files (x86)/gnu tools arm embedded/5.2 2015q4/bin/../lib/gcc/arm-none-eabi/5.2.1/../../../../arm-none-eabi/lib/armv7-m\libc_nano.a(lib_a-abs.o)
 .ARM.attributes
                0x000005cf       0x2d c:/program files (x86)/gnu tools arm embedded/5.2 2015q4/bin/../lib/gcc/arm-none-eabi/5.2.1/../../../../arm-none-eabi/lib/armv7-m\libc_nano.a(lib_a-cxa_atexit.o)
 .ARM.attributes
                0x000005fc       0x2d c:/program files (x86)/gnu tools arm embedded/5.2 2015q4/bin/../lib/gcc/arm-none-eabi/5.2.1/../../../../arm-none-eabi/lib/armv7-m\libc_nano.a(lib_a-errno.o)
 .ARM.attributes
                0x00000629       0x2d c:/program files (x86)/gnu tools arm embedded/5.2 2015q4/bin/../lib/gcc/arm-none-eabi/5.2.1/../../../../arm-none-eabi/lib/armv7-m\libc_nano.a(lib_a-exit.o)
 .ARM.attributes
                0x00000656       0x2d c:/program files (x86)/gnu tools arm embedded/5.2 2015q4/bin/../lib/gcc/arm-none-eabi/5.2.1/../../../../arm-none-eabi/lib/armv7-m\libc_nano.a(lib_a-fclose.o)
 .ARM.attributes
                0x00000683       0x2d c:/program files (x86)/gnu tools arm embedded/5.2 2015q4/bin/../lib/gcc/arm-none-eabi/5.2.1/../../../../arm-none-eabi/lib/armv7-m\libc_nano.a(lib_a-fflush.o)
 .ARM.attributes
                0x000006b0       0x2d c:/program files (x86)/gnu tools arm embedded/5.2 2015q4/bin/../lib/gcc/arm-none-eabi/5.2.1/../../../../arm-none-eabi/lib/armv7-m\libc_nano.a(lib_a-findfp.o)
 .ARM.attributes
                0x000006dd       0x2d c:/program files (x86)/gnu tools arm embedded/5.2 2015q4/bin/../lib/gcc/arm-none-eabi/5.2.1/../../../../arm-none-eabi/lib/armv7-m\libc_nano.a(lib_a-fopen.o)
 .ARM.attributes
                0x0000070a       0x2d c:/program files (x86)/gnu tools arm embedded/5.2 2015q4/bin/../lib/gcc/arm-none-eabi/5.2.1/../../../../arm-none-eabi/lib/armv7-m\libc_nano.a(lib_a-fseek.o)
 .ARM.attributes
                0x00000737       0x2d c:/program files (x86)/gnu tools arm embedded/5.2 2015q4/bin/../lib/gcc/arm-none-eabi/5.2.1/../../../../arm-none-eabi/lib/armv7-m\libc_nano.a(lib_a-fseeko.o)
 .ARM.attributes
                0x00000764       0x2d c:/program files (x86)/gnu tools arm embedded/5.2 2015q4/bin/../lib/gcc/arm-none-eabi/5.2.1/../../../../arm-none-eabi/lib/armv7-m\libc_nano.a(lib_a-fwalk.o)
 .ARM.attributes
                0x00000791       0x2d c:/program files (x86)/gnu tools arm embedded/5.2 2015q4/bin/../lib/gcc/arm-none-eabi/5.2.1/../../../../arm-none-eabi/lib/armv7-m\libc_nano.a(lib_a-impure.o)
 .ARM.attributes
                0x000007be       0x2d c:/program files (x86)/gnu tools arm embedded/5.2 2015q4/bin/../lib/gcc/arm-none-eabi/5.2.1/../../../../arm-none-eabi/lib/armv7-m\libc_nano.a(lib_a-init.o)
 .ARM.attributes
                0x000007eb       0x2d c:/program files (x86)/gnu tools arm embedded/5.2 2015q4/bin/../lib/gcc/arm-none-eabi/5.2.1/../../../../arm-none-eabi/lib/armv7-m\libc_nano.a(lib_a-makebuf.o)
 .ARM.attributes
                0x00000818       0x2d c:/program files (x86)/gnu tools arm embedded/5.2 2015q4/bin/../lib/gcc/arm-none-eabi/5.2.1/../../../../arm-none-eabi/lib/armv7-m\libc_nano.a(lib_a-malloc.o)
 .ARM.attributes
                0x00000845       0x2d c:/program files (x86)/gnu tools arm embedded/5.2 2015q4/bin/../lib/gcc/arm-none-eabi/5.2.1/../../../../arm-none-eabi/lib/armv7-m\libc_nano.a(lib_a-memchr-stub.o)
 .ARM.attributes
                0x00000872       0x2d c:/program files (x86)/gnu tools arm embedded/5.2 2015q4/bin/../lib/gcc/arm-none-eabi/5.2.1/../../../../arm-none-eabi/lib/armv7-m\libc_nano.a(lib_a-memcpy-stub.o)
 .ARM.attributes
                0x0000089f       0x2d c:/program files (x86)/gnu tools arm embedded/5.2 2015q4/bin/../lib/gcc/arm-none-eabi/5.2.1/../../../../arm-none-eabi/lib/armv7-m\libc_nano.a(lib_a-memset.o)
 .ARM.attributes
                0x000008cc       0x2d c:/program files (x86)/gnu tools arm embedded/5.2 2015q4/bin/../lib/gcc/arm-none-eabi/5.2.1/../../../../arm-none-eabi/lib/armv7-m\libc_nano.a(lib_a-nano-freer.o)
 .ARM.attributes
                0x000008f9       0x2d c:/program files (x86)/gnu tools arm embedded/5.2 2015q4/bin/../lib/gcc/arm-none-eabi/5.2.1/../../../../arm-none-eabi/lib/armv7-m\libc_nano.a(lib_a-nano-mallocr.o)
 .ARM.attributes
                0x00000926       0x2d c:/program files (x86)/gnu tools arm embedded/5.2 2015q4/bin/../lib/gcc/arm-none-eabi/5.2.1/../../../../arm-none-eabi/lib/armv7-m\libc_nano.a(lib_a-nano-vfprintf.o)
 .ARM.attributes
                0x00000953       0x2d c:/program files (x86)/gnu tools arm embedded/5.2 2015q4/bin/../lib/gcc/arm-none-eabi/5.2.1/../../../../arm-none-eabi/lib/armv7-m\libc_nano.a(lib_a-nano-vfprintf_float.o)
 .ARM.attributes
                0x00000980       0x2d c:/program files (x86)/gnu tools arm embedded/5.2 2015q4/bin/../lib/gcc/arm-none-eabi/5.2.1/../../../../arm-none-eabi/lib/armv7-m\libc_nano.a(lib_a-nano-vfprintf_i.o)
 .ARM.attributes
                0x000009ad       0x2d c:/program files (x86)/gnu tools arm embedded/5.2 2015q4/bin/../lib/gcc/arm-none-eabi/5.2.1/../../../../arm-none-eabi/lib/armv7-m\libc_nano.a(lib_a-nano-vfscanf_float.o)
 .ARM.attributes
                0x000009da       0x2d c:/program files (x86)/gnu tools arm embedded/5.2 2015q4/bin/../lib/gcc/arm-none-eabi/5.2.1/../../../../arm-none-eabi/lib/armv7-m\libc_nano.a(lib_a-nano-vfscanf_i.o)
 .ARM.attributes
                0x00000a07       0x2d c:/program files (x86)/gnu tools arm embedded/5.2 2015q4/bin/../lib/gcc/arm-none-eabi/5.2.1/../../../../arm-none-eabi/lib/armv7-m\libc_nano.a(lib_a-openr.o)
 .ARM.attributes
                0x00000a34       0x2d c:/program files (x86)/gnu tools arm embedded/5.2 2015q4/bin/../lib/gcc/arm-none-eabi/5.2.1/../../../../arm-none-eabi/lib/armv7-m\libc_nano.a(lib_a-reent.o)
 .ARM.attributes
                0x00000a61       0x2d c:/program files (x86)/gnu tools arm embedded/5.2 2015q4/bin/../lib/gcc/arm-none-eabi/5.2.1/../../../../arm-none-eabi/lib/armv7-m\libc_nano.a(lib_a-s_fpclassify.o)
 .ARM.attributes
                0x00000a8e       0x2d c:/program files (x86)/gnu tools arm embedded/5.2 2015q4/bin/../lib/gcc/arm-none-eabi/5.2.1/../../../../arm-none-eabi/lib/armv7-m\libc_nano.a(lib_a-sbrkr.o)
 .ARM.attributes
                0x00000abb       0x2d c:/program files (x86)/gnu tools arm embedded/5.2 2015q4/bin/../lib/gcc/arm-none-eabi/5.2.1/../../../../arm-none-eabi/lib/armv7-m\libc_nano.a(lib_a-sccl.o)
 .ARM.attributes
                0x00000ae8       0x2d c:/program files (x86)/gnu tools arm embedded/5.2 2015q4/bin/../lib/gcc/arm-none-eabi/5.2.1/../../../../arm-none-eabi/lib/armv7-m\libc_nano.a(lib_a-setbuf.o)
 .ARM.attributes
                0x00000b15       0x2d c:/program files (x86)/gnu tools arm embedded/5.2 2015q4/bin/../lib/gcc/arm-none-eabi/5.2.1/../../../../arm-none-eabi/lib/armv7-m\libc_nano.a(lib_a-setvbuf.o)
 .ARM.attributes
                0x00000b42       0x2d c:/program files (x86)/gnu tools arm embedded/5.2 2015q4/bin/../lib/gcc/arm-none-eabi/5.2.1/../../../../arm-none-eabi/lib/armv7-m\libc_nano.a(lib_a-sf_nan.o)
 .ARM.attributes
                0x00000b6f       0x2d c:/program files (x86)/gnu tools arm embedded/5.2 2015q4/bin/../lib/gcc/arm-none-eabi/5.2.1/../../../../arm-none-eabi/lib/armv7-m\libc_nano.a(lib_a-sprintf.o)
 .ARM.attributes
                0x00000b9c       0x2d c:/program files (x86)/gnu tools arm embedded/5.2 2015q4/bin/../lib/gcc/arm-none-eabi/5.2.1/../../../../arm-none-eabi/lib/armv7-m\libc_nano.a(lib_a-sscanf.o)
 .ARM.attributes
                0x00000bc9       0x2d c:/program files (x86)/gnu tools arm embedded/5.2 2015q4/bin/../lib/gcc/arm-none-eabi/5.2.1/../../../../arm-none-eabi/lib/armv7-m\libc_nano.a(lib_a-stdio.o)
 .ARM.attributes
                0x00000bf6       0x1b c:/program files (x86)/gnu tools arm embedded/5.2 2015q4/bin/../lib/gcc/arm-none-eabi/5.2.1/../../../../arm-none-eabi/lib/armv7-m\libc_nano.a(lib_a-strcmp.o)
 .ARM.attributes
                0x00000c11       0x17 c:/program files (x86)/gnu tools arm embedded/5.2 2015q4/bin/../lib/gcc/arm-none-eabi/5.2.1/../../../../arm-none-eabi/lib/armv7-m\libc_nano.a(lib_a-strlen.o)
 .ARM.attributes
                0x00000c28       0x2d c:/program files (x86)/gnu tools arm embedded/5.2 2015q4/bin/../lib/gcc/arm-none-eabi/5.2.1/../../../../arm-none-eabi/lib/armv7-m\libc_nano.a(lib_a-strncmp.o)
 .ARM.attributes
                0x00000c55       0x2d c:/program files (x86)/gnu tools arm embedded/5.2 2015q4/bin/../lib/gcc/arm-none-eabi/5.2.1/../../../../arm-none-eabi/lib/armv7-m\libc_nano.a(lib_a-strtod.o)
 .ARM.attributes
                0x00000c82       0x2d c:/program files (x86)/gnu tools arm embedded/5.2 2015q4/bin/../lib/gcc/arm-none-eabi/5.2.1/../../../../arm-none-eabi/lib/armv7-m\libc_nano.a(lib_a-strtol.o)
 .ARM.attributes
                0x00000caf       0x2d c:/program files (x86)/gnu tools arm embedded/5.2 2015q4/bin/../lib/gcc/arm-none-eabi/5.2.1/../../../../arm-none-eabi/lib/armv7-m\libc_nano.a(lib_a-strtoul.o)
 .ARM.attributes
                0x00000cdc       0x2d c:/program files (x86)/gnu tools arm embedded/5.2 2015q4/bin/../lib/gcc/arm-none-eabi/5.2.1/../../../../arm-none-eabi/lib/armv7-m\libc_nano.a(lib_a-ungetc.o)
 .ARM.attributes
                0x00000d09       0x2d c:/program files (x86)/gnu tools arm embedded/5.2 2015q4/bin/../lib/gcc/arm-none-eabi/5.2.1/../../../../arm-none-eabi/lib/armv7-m\libc_nano.a(lib_a-wbuf.o)
 .ARM.attributes
                0x00000d36       0x2d c:/program files (x86)/gnu tools arm embedded/5.2 2015q4/bin/../lib/gcc/arm-none-eabi/5.2.1/../../../../arm-none-eabi/lib/armv7-m\libc_nano.a(lib_a-writer.o)
 .ARM.attributes